C:/Users/ezaidi/STM32Cube/Repository/STM32Cube_FW_H7_V1.11.0/Projects/STM32H743I-EVAL/Examples/FLASH/FLASH_SwapBank/Src/main.c:47:5:main	8	static,ignoring_inline_asm
C:/Users/ezaidi/STM32Cube/Repository/STM32Cube_FW_H7_V1.11.0/Projects/STM32H743I-EVAL/Examples/FLASH/FLASH_SwapBank/Src/main.c:185:13:SystemClock_Config	128	static
C:/Users/ezaidi/STM32Cube/Repository/STM32Cube_FW_H7_V1.11.0/Projects/STM32H743I-EVAL/Examples/FLASH/FLASH_SwapBank/Src/main.c:246:13:CPU_CACHE_Enable	24	static,ignoring_inline_asm
C:/Users/ezaidi/STM32Cube/Repository/STM32Cube_FW_H7_V1.11.0/Projects/STM32H743I-EVAL/Examples/FLASH/FLASH_SwapBank/Src/main.c:261:13:MPU_Config	24	static
