../Drivers/BSP/STM32H743I-EVAL/stm32h743i_eval_ts.c:139:9:BSP_TS_Init	32	static
../Drivers/BSP/STM32H743I-EVAL/stm32h743i_eval_ts.c:197:9:BSP_TS_DeInit	24	static
../Drivers/BSP/STM32H743I-EVAL/stm32h743i_eval_ts.c:222:9:BSP_TS_GetCapabilities	24	static
../Drivers/BSP/STM32H743I-EVAL/stm32h743i_eval_ts.c:243:9:BSP_TS_EnableIT	32	static
../Drivers/BSP/STM32H743I-EVAL/stm32h743i_eval_ts.c:292:9:BSP_TS_DisableIT	32	static
../Drivers/BSP/STM32H743I-EVAL/stm32h743i_eval_ts.c:324:6:BSP_TS_IRQHandler	16	static
../Drivers/BSP/STM32H743I-EVAL/stm32h743i_eval_ts.c:334:13:BSP_TS_Callback	16	static
../Drivers/BSP/STM32H743I-EVAL/stm32h743i_eval_ts.c:349:9:BSP_TS_GetState	48	static
../Drivers/BSP/STM32H743I-EVAL/stm32h743i_eval_ts.c:434:9:BSP_TS_Set_Orientation	16	static
../Drivers/BSP/STM32H743I-EVAL/stm32h743i_eval_ts.c:446:9:BSP_TS_Get_Orientation	16	static
../Drivers/BSP/STM32H743I-EVAL/stm32h743i_eval_ts.c:464:16:EXC7200_Probe	48	static
../Drivers/BSP/STM32H743I-EVAL/stm32h743i_eval_ts.c:512:16:TS3510_Probe	48	static
../Drivers/BSP/STM32H743I-EVAL/stm32h743i_eval_ts.c:558:13:TS_EXTI_Callback	8	static
