../Drivers/BSP/Components/m24lr64/m24lr64.c:125:9:M24LR64_DeInit	0	static
../Drivers/BSP/Components/m24lr64/m24lr64.c:139:9:M24LR64_Write	4	static
../Drivers/BSP/Components/m24lr64/m24lr64.c:149:9:M24LR64_Read	4	static
../Drivers/BSP/Components/m24lr64/m24lr64.c:160:9:M24LR64_IsReady	0	static
../Drivers/BSP/Components/m24lr64/m24lr64.c:179:16:M24LR64_ReadWrap	4	static
../Drivers/BSP/Components/m24lr64/m24lr64.c:194:16:M24LR64_WriteWrap	4	static
../Drivers/BSP/Components/m24lr64/m24lr64.c:207:16:M24LR64_IsReadyWrap	0	static
../Drivers/BSP/Components/m24lr64/m24lr64.c:110:9:M24LR64_Init	8	static
../Drivers/BSP/Components/m24lr64/m24lr64.c:69:9:M24LR64_RegisterBusIO	0	static
