../Drivers/BSP/STM32H743I-EVAL/stm32h743i_eval_bus.c:188:9:BSP_I2C1_Init	16	static
../Drivers/BSP/STM32H743I-EVAL/stm32h743i_eval_bus.c:237:9:BSP_I2C1_DeInit	16	static
../Drivers/BSP/STM32H743I-EVAL/stm32h743i_eval_bus.c:265:26:MX_I2C1_Init	24	static
../Drivers/BSP/STM32H743I-EVAL/stm32h743i_eval_bus.c:311:9:BSP_I2C1_WriteReg	40	static
../Drivers/BSP/STM32H743I-EVAL/stm32h743i_eval_bus.c:348:9:BSP_I2C1_ReadReg	40	static
../Drivers/BSP/STM32H743I-EVAL/stm32h743i_eval_bus.c:385:9:BSP_I2C1_WriteReg16	40	static
../Drivers/BSP/STM32H743I-EVAL/stm32h743i_eval_bus.c:422:9:BSP_I2C1_ReadReg16	40	static
../Drivers/BSP/STM32H743I-EVAL/stm32h743i_eval_bus.c:458:9:BSP_I2C1_IsReady	24	static
../Drivers/BSP/STM32H743I-EVAL/stm32h743i_eval_bus.c:480:9:BSP_GetTick	8	static
../Drivers/BSP/STM32H743I-EVAL/stm32h743i_eval_bus.c:568:17:I2C_GetTiming	32	static
../Drivers/BSP/STM32H743I-EVAL/stm32h743i_eval_bus.c:606:13:I2C_Compute_PRESC_SCLDEL_SDADEL	64	static
../Drivers/BSP/STM32H743I-EVAL/stm32h743i_eval_bus.c:687:17:I2C_Compute_SCLL_SCLH	80	static
../Drivers/BSP/STM32H743I-EVAL/stm32h743i_eval_bus.c:765:13:I2C1_MspInit	48	static
../Drivers/BSP/STM32H743I-EVAL/stm32h743i_eval_bus.c:810:13:I2C1_MspDeInit	40	static
../Drivers/BSP/STM32H743I-EVAL/stm32h743i_eval_bus.c:836:16:I2C1_WriteReg	40	static
../Drivers/BSP/STM32H743I-EVAL/stm32h743i_eval_bus.c:855:16:I2C1_ReadReg	40	static
