../Drivers/BSP/STM32H743I-EVAL/stm32h743i_eval_io.c:105:9:BSP_IOEXPANDER_Init	24	static
../Drivers/BSP/STM32H743I-EVAL/stm32h743i_eval_io.c:149:9:BSP_IOEXPANDER_DeInit	24	static
../Drivers/BSP/STM32H743I-EVAL/stm32h743i_eval_io.c:185:9:BSP_IO_Init	24	static
../Drivers/BSP/STM32H743I-EVAL/stm32h743i_eval_io.c:235:9:BSP_IO_DeInit	24	static
../Drivers/BSP/STM32H743I-EVAL/stm32h743i_eval_io.c:263:9:BSP_IO_GetIT	16	static
../Drivers/BSP/STM32H743I-EVAL/stm32h743i_eval_io.c:280:9:BSP_IO_ClearIT	24	static
../Drivers/BSP/STM32H743I-EVAL/stm32h743i_eval_io.c:309:9:BSP_IO_WritePin	32	static
../Drivers/BSP/STM32H743I-EVAL/stm32h743i_eval_io.c:335:9:BSP_IO_ReadPin	16	static
../Drivers/BSP/STM32H743I-EVAL/stm32h743i_eval_io.c:353:9:BSP_IO_TogglePin	24	static
../Drivers/BSP/STM32H743I-EVAL/stm32h743i_eval_io.c:396:6:BSP_IOEXPANDER_ITConfig	40	static
../Drivers/BSP/STM32H743I-EVAL/stm32h743i_eval_io.c:427:6:BSP_IO_IRQHandler	16	static
../Drivers/BSP/STM32H743I-EVAL/stm32h743i_eval_io.c:440:13:BSP_IO_Callback	16	static
../Drivers/BSP/STM32H743I-EVAL/stm32h743i_eval_io.c:459:16:MFXSTM32L152_Probe	56	static
../Drivers/BSP/STM32H743I-EVAL/stm32h743i_eval_io.c:508:13:IO_EXTI_Callback	8	static
