Archive member included to satisfy reference by file (symbol)

C:/ST/STM32CubeIDE_1.13.2/STM32CubeIDE/plugins/com.st.stm32cube.ide.mcu.externaltools.gnu-tools-for-stm32.11.3.rel1.win32_1.1.1.202309131626/tools/bin/../lib/gcc/arm-none-eabi/11.3.1/../../../../arm-none-eabi/lib/thumb/v7e-m+dp/hard\libc_nano.a(libc_a-exit.o)
                              C:/ST/STM32CubeIDE_1.13.2/STM32CubeIDE/plugins/com.st.stm32cube.ide.mcu.externaltools.gnu-tools-for-stm32.11.3.rel1.win32_1.1.1.202309131626/tools/bin/../lib/gcc/arm-none-eabi/11.3.1/../../../../arm-none-eabi/lib/thumb/v7e-m+dp/hard/crt0.o (exit)
C:/ST/STM32CubeIDE_1.13.2/STM32CubeIDE/plugins/com.st.stm32cube.ide.mcu.externaltools.gnu-tools-for-stm32.11.3.rel1.win32_1.1.1.202309131626/tools/bin/../lib/gcc/arm-none-eabi/11.3.1/../../../../arm-none-eabi/lib/thumb/v7e-m+dp/hard\libc_nano.a(libc_a-findfp.o)
                              C:/ST/STM32CubeIDE_1.13.2/STM32CubeIDE/plugins/com.st.stm32cube.ide.mcu.externaltools.gnu-tools-for-stm32.11.3.rel1.win32_1.1.1.202309131626/tools/bin/../lib/gcc/arm-none-eabi/11.3.1/../../../../arm-none-eabi/lib/thumb/v7e-m+dp/hard\libc_nano.a(libc_a-exit.o) (__stdio_exit_handler)
C:/ST/STM32CubeIDE_1.13.2/STM32CubeIDE/plugins/com.st.stm32cube.ide.mcu.externaltools.gnu-tools-for-stm32.11.3.rel1.win32_1.1.1.202309131626/tools/bin/../lib/gcc/arm-none-eabi/11.3.1/../../../../arm-none-eabi/lib/thumb/v7e-m+dp/hard\libc_nano.a(libc_a-fwalk.o)
                              C:/ST/STM32CubeIDE_1.13.2/STM32CubeIDE/plugins/com.st.stm32cube.ide.mcu.externaltools.gnu-tools-for-stm32.11.3.rel1.win32_1.1.1.202309131626/tools/bin/../lib/gcc/arm-none-eabi/11.3.1/../../../../arm-none-eabi/lib/thumb/v7e-m+dp/hard\libc_nano.a(libc_a-findfp.o) (_fwalk_sglue)
C:/ST/STM32CubeIDE_1.13.2/STM32CubeIDE/plugins/com.st.stm32cube.ide.mcu.externaltools.gnu-tools-for-stm32.11.3.rel1.win32_1.1.1.202309131626/tools/bin/../lib/gcc/arm-none-eabi/11.3.1/../../../../arm-none-eabi/lib/thumb/v7e-m+dp/hard\libc_nano.a(libc_a-stdio.o)
                              C:/ST/STM32CubeIDE_1.13.2/STM32CubeIDE/plugins/com.st.stm32cube.ide.mcu.externaltools.gnu-tools-for-stm32.11.3.rel1.win32_1.1.1.202309131626/tools/bin/../lib/gcc/arm-none-eabi/11.3.1/../../../../arm-none-eabi/lib/thumb/v7e-m+dp/hard\libc_nano.a(libc_a-findfp.o) (__sread)
C:/ST/STM32CubeIDE_1.13.2/STM32CubeIDE/plugins/com.st.stm32cube.ide.mcu.externaltools.gnu-tools-for-stm32.11.3.rel1.win32_1.1.1.202309131626/tools/bin/../lib/gcc/arm-none-eabi/11.3.1/../../../../arm-none-eabi/lib/thumb/v7e-m+dp/hard\libc_nano.a(libc_a-memset.o)
                              C:/ST/STM32CubeIDE_1.13.2/STM32CubeIDE/plugins/com.st.stm32cube.ide.mcu.externaltools.gnu-tools-for-stm32.11.3.rel1.win32_1.1.1.202309131626/tools/bin/../lib/gcc/arm-none-eabi/11.3.1/../../../../arm-none-eabi/lib/thumb/v7e-m+dp/hard/crt0.o (memset)
C:/ST/STM32CubeIDE_1.13.2/STM32CubeIDE/plugins/com.st.stm32cube.ide.mcu.externaltools.gnu-tools-for-stm32.11.3.rel1.win32_1.1.1.202309131626/tools/bin/../lib/gcc/arm-none-eabi/11.3.1/../../../../arm-none-eabi/lib/thumb/v7e-m+dp/hard\libc_nano.a(libc_a-closer.o)
                              C:/ST/STM32CubeIDE_1.13.2/STM32CubeIDE/plugins/com.st.stm32cube.ide.mcu.externaltools.gnu-tools-for-stm32.11.3.rel1.win32_1.1.1.202309131626/tools/bin/../lib/gcc/arm-none-eabi/11.3.1/../../../../arm-none-eabi/lib/thumb/v7e-m+dp/hard\libc_nano.a(libc_a-stdio.o) (_close_r)
C:/ST/STM32CubeIDE_1.13.2/STM32CubeIDE/plugins/com.st.stm32cube.ide.mcu.externaltools.gnu-tools-for-stm32.11.3.rel1.win32_1.1.1.202309131626/tools/bin/../lib/gcc/arm-none-eabi/11.3.1/../../../../arm-none-eabi/lib/thumb/v7e-m+dp/hard\libc_nano.a(libc_a-reent.o)
                              C:/ST/STM32CubeIDE_1.13.2/STM32CubeIDE/plugins/com.st.stm32cube.ide.mcu.externaltools.gnu-tools-for-stm32.11.3.rel1.win32_1.1.1.202309131626/tools/bin/../lib/gcc/arm-none-eabi/11.3.1/../../../../arm-none-eabi/lib/thumb/v7e-m+dp/hard\libc_nano.a(libc_a-closer.o) (errno)
C:/ST/STM32CubeIDE_1.13.2/STM32CubeIDE/plugins/com.st.stm32cube.ide.mcu.externaltools.gnu-tools-for-stm32.11.3.rel1.win32_1.1.1.202309131626/tools/bin/../lib/gcc/arm-none-eabi/11.3.1/../../../../arm-none-eabi/lib/thumb/v7e-m+dp/hard\libc_nano.a(libc_a-impure.o)
                              C:/ST/STM32CubeIDE_1.13.2/STM32CubeIDE/plugins/com.st.stm32cube.ide.mcu.externaltools.gnu-tools-for-stm32.11.3.rel1.win32_1.1.1.202309131626/tools/bin/../lib/gcc/arm-none-eabi/11.3.1/../../../../arm-none-eabi/lib/thumb/v7e-m+dp/hard\libc_nano.a(libc_a-reent.o) (_impure_ptr)
C:/ST/STM32CubeIDE_1.13.2/STM32CubeIDE/plugins/com.st.stm32cube.ide.mcu.externaltools.gnu-tools-for-stm32.11.3.rel1.win32_1.1.1.202309131626/tools/bin/../lib/gcc/arm-none-eabi/11.3.1/../../../../arm-none-eabi/lib/thumb/v7e-m+dp/hard\libc_nano.a(libc_a-lseekr.o)
[...]
Memory Configuration

Name             Origin             Length             Attributes
DTCMRAM          0x0000000020000000 0x0000000000020000 xrw
RAM_D1           0x0000000024000000 0x0000000000080000 xrw
RAM_D2           0x0000000030000000 0x0000000000048000 xrw
RAM_D3           0x0000000038000000 0x0000000000010000 xrw
ITCMRAM          0x0000000000000000 0x0000000000010000 xrw
FLASH            0x0000000008000000 0x0000000000100000 xr
*default*        0x0000000000000000 0xffffffffffffffff

Linker script and memory map

LOAD C:/ST/STM32CubeIDE_1.13.2/STM32CubeIDE/plugins/com.st.stm32cube.ide.mcu.externaltools.gnu-tools-for-stm32.11.3.rel1.win32_1.1.1.202309131626/tools/bin/../lib/gcc/arm-none-eabi/11.3.1/thumb/v7e-m+dp/hard/crti.o
LOAD C:/ST/STM32CubeIDE_1.13.2/STM32CubeIDE/plugins/com.st.stm32cube.ide.mcu.externaltools.gnu-tools-for-stm32.11.3.rel1.win32_1.1.1.202309131626/tools/bin/../lib/gcc/arm-none-eabi/11.3.1/thumb/v7e-m+dp/hard/crtbegin.o
LOAD C:/ST/STM32CubeIDE_1.13.2/STM32CubeIDE/plugins/com.st.stm32cube.ide.mcu.externaltools.gnu-tools-for-stm32.11.3.rel1.win32_1.1.1.202309131626/tools/bin/../lib/gcc/arm-none-eabi/11.3.1/../../../../arm-none-eabi/lib/thumb/v7e-m+dp/hard/crt0.o
LOAD ./Drivers/BSP/Components/mfxstm32l152.o
LOAD ./Drivers/BSP/Components/mfxstm32l152_reg.o
LOAD ./Drivers/BSP/Components/stmpe811.o
LOAD ./Drivers/BSP/STM32H743I-EVAL/stm32h743i_eval.o
LOAD ./Drivers/BSP/STM32H743I-EVAL/stm32h743i_eval_bus.o
LOAD ./Drivers/BSP/STM32H743I-EVAL/stm32h743i_eval_io.o
LOAD ./Drivers/CMSIS/system_stm32h7xx.o
LOAD ./Drivers/STM32H7xx_HAL_Driver/stm32h7xx_hal.o
LOAD ./Drivers/STM32H7xx_HAL_Driver/stm32h7xx_hal_adc.o
LOAD ./Drivers/STM32H7xx_HAL_Driver/stm32h7xx_hal_adc_ex.o
LOAD ./Drivers/STM32H7xx_HAL_Driver/stm32h7xx_hal_cortex.o
LOAD ./Drivers/STM32H7xx_HAL_Driver/stm32h7xx_hal_dma.o
LOAD ./Drivers/STM32H7xx_HAL_Driver/stm32h7xx_hal_dma_ex.o
LOAD ./Drivers/STM32H7xx_HAL_Driver/stm32h7xx_hal_exti.o
LOAD ./Drivers/STM32H7xx_HAL_Driver/stm32h7xx_hal_flash.o
LOAD ./Drivers/STM32H7xx_HAL_Driver/stm32h7xx_hal_flash_ex.o
LOAD ./Drivers/STM32H7xx_HAL_Driver/stm32h7xx_hal_gpio.o
LOAD ./Drivers/STM32H7xx_HAL_Driver/stm32h7xx_hal_i2c.o
LOAD ./Drivers/STM32H7xx_HAL_Driver/stm32h7xx_hal_i2c_ex.o
LOAD ./Drivers/STM32H7xx_HAL_Driver/stm32h7xx_hal_pwr.o
LOAD ./Drivers/STM32H7xx_HAL_Driver/stm32h7xx_hal_pwr_ex.o
LOAD ./Drivers/STM32H7xx_HAL_Driver/stm32h7xx_hal_rcc.o
LOAD ./Drivers/STM32H7xx_HAL_Driver/stm32h7xx_hal_rcc_ex.o
LOAD ./Drivers/STM32H7xx_HAL_Driver/stm32h7xx_hal_uart.o
LOAD ./Drivers/STM32H7xx_HAL_Driver/stm32h7xx_hal_uart_ex.o
LOAD ./Example/Startup/startup_stm32h743xihx.o
LOAD ./Example/User/main.o
LOAD ./Example/User/stm32h7xx_it.o
LOAD ./Example/User/syscalls.o
LOAD ./Example/User/sysmem.o
START GROUP
LOAD C:/ST/STM32CubeIDE_1.13.2/STM32CubeIDE/plugins/com.st.stm32cube.ide.mcu.externaltools.gnu-tools-for-stm32.11.3.rel1.win32_1.1.1.202309131626/tools/bin/../lib/gcc/arm-none-eabi/11.3.1/../../../../arm-none-eabi/lib/thumb/v7e-m+dp/hard\libc_nano.a
LOAD C:/ST/STM32CubeIDE_1.13.2/STM32CubeIDE/plugins/com.st.stm32cube.ide.mcu.externaltools.gnu-tools-for-stm32.11.3.rel1.win32_1.1.1.202309131626/tools/bin/../lib/gcc/arm-none-eabi/11.3.1/../../../../arm-none-eabi/lib/thumb/v7e-m+dp/hard\libm.a
END GROUP
START GROUP
LOAD C:/ST/STM32CubeIDE_1.13.2/STM32CubeIDE/plugins/com.st.stm32cube.ide.mcu.externaltools.gnu-tools-for-stm32.11.3.rel1.win32_1.1.1.202309131626/tools/bin/../lib/gcc/arm-none-eabi/11.3.1/thumb/v7e-m+dp/hard\libgcc.a
LOAD C:/ST/STM32CubeIDE_1.13.2/STM32CubeIDE/plugins/com.st.stm32cube.ide.mcu.externaltools.gnu-tools-for-stm32.11.3.rel1.win32_1.1.1.202309131626/tools/bin/../lib/gcc/arm-none-eabi/11.3.1/../../../../arm-none-eabi/lib/thumb/v7e-m+dp/hard\libc_nano.a
END GROUP
START GROUP
LOAD C:/ST/STM32CubeIDE_1.13.2/STM32CubeIDE/plugins/com.st.stm32cube.ide.mcu.externaltools.gnu-tools-for-stm32.11.3.rel1.win32_1.1.1.202309131626/tools/bin/../lib/gcc/arm-none-eabi/11.3.1/thumb/v7e-m+dp/hard\libgcc.a
LOAD C:/ST/STM32CubeIDE_1.13.2/STM32CubeIDE/plugins/com.st.stm32cube.ide.mcu.externaltools.gnu-tools-for-stm32.11.3.rel1.win32_1.1.1.202309131626/tools/bin/../lib/gcc/arm-none-eabi/11.3.1/../../../../arm-none-eabi/lib/thumb/v7e-m+dp/hard\libc_nano.a
LOAD C:/ST/STM32CubeIDE_1.13.2/STM32CubeIDE/plugins/com.st.stm32cube.ide.mcu.externaltools.gnu-tools-for-stm32.11.3.rel1.win32_1.1.1.202309131626/tools/bin/../lib/gcc/arm-none-eabi/11.3.1/../../../../arm-none-eabi/lib/thumb/v7e-m+dp/hard\libnosys.a
END GROUP
START GROUP
LOAD C:/ST/STM32CubeIDE_1.13.2/STM32CubeIDE/plugins/com.st.stm32cube.ide.mcu.externaltools.gnu-tools-for-stm32.11.3.rel1.win32_1.1.1.202309131626/tools/bin/../lib/gcc/arm-none-eabi/11.3.1/thumb/v7e-m+dp/hard\libgcc.a
LOAD C:/ST/STM32CubeIDE_1.13.2/STM32CubeIDE/plugins/com.st.stm32cube.ide.mcu.externaltools.gnu-tools-for-stm32.11.3.rel1.win32_1.1.1.202309131626/tools/bin/../lib/gcc/arm-none-eabi/11.3.1/../../../../arm-none-eabi/lib/thumb/v7e-m+dp/hard\libc_nano.a
LOAD C:/ST/STM32CubeIDE_1.13.2/STM32CubeIDE/plugins/com.st.stm32cube.ide.mcu.externaltools.gnu-tools-for-stm32.11.3.rel1.win32_1.1.1.202309131626/tools/bin/../lib/gcc/arm-none-eabi/11.3.1/../../../../arm-none-eabi/lib/thumb/v7e-m+dp/hard\libnosys.a
END GROUP
LOAD C:/ST/STM32CubeIDE_1.13.2/STM32CubeIDE/plugins/com.st.stm32cube.ide.mcu.externaltools.gnu-tools-for-stm32.11.3.rel1.win32_1.1.1.202309131626/tools/bin/../lib/gcc/arm-none-eabi/11.3.1/thumb/v7e-m+dp/hard/crtend.o
LOAD C:/ST/STM32CubeIDE_1.13.2/STM32CubeIDE/plugins/com.st.stm32cube.ide.mcu.externaltools.gnu-tools-for-stm32.11.3.rel1.win32_1.1.1.202309131626/tools/bin/../lib/gcc/arm-none-eabi/11.3.1/thumb/v7e-m+dp/hard/crtn.o
                0x0000000020020000                _estack = 0x20020000
                0x0000000000000200                _Min_Heap_Size = 0x200
                0x0000000000000400                _Min_Stack_Size = 0x400

.isr_vector     0x0000000008000000      0x298
                0x0000000008000000                . = ALIGN (0x4)
 *(.isr_vector)
 .isr_vector    0x0000000008000000      0x298 ./Example/Startup/startup_stm32h743xihx.o
                0x0000000008000000                g_pfnVectors
                0x0000000008000298                . = ALIGN (0x4)

.text           0x0000000008000298     0x5550
                0x0000000008000298                . = ALIGN (0x4)
 *(.text)
 .text          0x0000000008000298       0x40 C:/ST/STM32CubeIDE_1.13.2/STM32CubeIDE/plugins/com.st.stm32cube.ide.mcu.externaltools.gnu-tools-for-stm32.11.3.rel1.win32_1.1.1.202309131626/tools/bin/../lib/gcc/arm-none-eabi/11.3.1/thumb/v7e-m+dp/hard/crtbegin.o
 *(.text*)
 .text.MFXSTM32L152_Init
                0x00000000080002d8       0x5a ./Drivers/BSP/Components/mfxstm32l152.o
                0x00000000080002d8                MFXSTM32L152_Init
 .text.MFXSTM32L152_DeInit
                0x0000000008000332       0x28 ./Drivers/BSP/Components/mfxstm32l152.o
                0x0000000008000332                MFXSTM32L152_DeInit
 .text.MFXSTM32L152_Reset
                0x000000000800035a       0x38 ./Drivers/BSP/Components/mfxstm32l152.o
                0x000000000800035a                MFXSTM32L152_Reset
 .text.MFXSTM32L152_ReadID
                0x0000000008000392       0x46 ./Drivers/BSP/Components/mfxstm32l152.o
                0x0000000008000392                MFXSTM32L152_ReadID
 .text.MFXSTM32L152_EnableITSource
                0x00000000080003d8       0x62 ./Drivers/BSP/Components/mfxstm32l152.o
                0x00000000080003d8                MFXSTM32L152_EnableITSource
 .text.MFXSTM32L152_DisableITSource
                0x000000000800043a       0x6c ./Drivers/BSP/Components/mfxstm32l152.o
                0x000000000800043a                MFXSTM32L152_DisableITSource
 .text.MFXSTM32L152_SetIrqOutPinPolarity
                0x00000000080004a6       0x6c ./Drivers/BSP/Components/mfxstm32l152.o
                0x00000000080004a6                MFXSTM32L152_SetIrqOutPinPolarity
 .text.MFXSTM32L152_SetIrqOutPinType
                0x0000000008000512       0x6c ./Drivers/BSP/Components/mfxstm32l152.o
                0x0000000008000512                MFXSTM32L152_SetIrqOutPinType
 .text.MFXSTM32L152_IO_Start
                0x000000000800057e       0x7e ./Drivers/BSP/Components/mfxstm32l152.o
                0x000000000800057e                MFXSTM32L152_IO_Start
 .text.MFXSTM32L152_IO_Init
                0x00000000080005fc      0x2d0 ./Drivers/BSP/Components/mfxstm32l152.o
                0x00000000080005fc                MFXSTM32L152_IO_Init
 .text.MFXSTM32L152_IO_InitPin
                0x00000000080008cc       0x34 ./Drivers/BSP/Components/mfxstm32l152.o
                0x00000000080008cc                MFXSTM32L152_IO_InitPin
 .text.MFXSTM32L152_IO_SetIrqEvtMode
                0x0000000008000900       0x34 ./Drivers/BSP/Components/mfxstm32l152.o
                0x0000000008000900                MFXSTM32L152_IO_SetIrqEvtMode
 .text.MFXSTM32L152_IO_SetIrqTypeMode
                0x0000000008000934       0x34 ./Drivers/BSP/Components/mfxstm32l152.o
                0x0000000008000934                MFXSTM32L152_IO_SetIrqTypeMode
 .text.MFXSTM32L152_IO_WritePin
                0x0000000008000968       0x54 ./Drivers/BSP/Components/mfxstm32l152.o
                0x0000000008000968                MFXSTM32L152_IO_WritePin
 .text.MFXSTM32L152_IO_ReadPin
                0x00000000080009bc       0x8c ./Drivers/BSP/Components/mfxstm32l152.o
                0x00000000080009bc                MFXSTM32L152_IO_ReadPin
 .text.MFXSTM32L152_IO_EnableIT
                0x0000000008000a48       0x2a ./Drivers/BSP/Components/mfxstm32l152.o
                0x0000000008000a48                MFXSTM32L152_IO_EnableIT
 .text.MFXSTM32L152_IO_DisableIT
                0x0000000008000a72       0x2a ./Drivers/BSP/Components/mfxstm32l152.o
                0x0000000008000a72                MFXSTM32L152_IO_DisableIT
 .text.MFXSTM32L152_IO_EnablePinIT
                0x0000000008000a9c       0x30 ./Drivers/BSP/Components/mfxstm32l152.o
                0x0000000008000a9c                MFXSTM32L152_IO_EnablePinIT
 .text.MFXSTM32L152_IO_DisablePinIT
                0x0000000008000acc       0x30 ./Drivers/BSP/Components/mfxstm32l152.o
                0x0000000008000acc                MFXSTM32L152_IO_DisablePinIT
 .text.MFXSTM32L152_IO_ITStatus
                0x0000000008000afc       0x8c ./Drivers/BSP/Components/mfxstm32l152.o
                0x0000000008000afc                MFXSTM32L152_IO_ITStatus
 .text.MFXSTM32L152_IO_ClearIT
                0x0000000008000b88       0x9a ./Drivers/BSP/Components/mfxstm32l152.o
                0x0000000008000b88                MFXSTM32L152_IO_ClearIT
 *fill*         0x0000000008000c22        0x2 
 .text.MFXSTM32L152_RegisterBusIO
                0x0000000008000c24       0x84 ./Drivers/BSP/Components/mfxstm32l152.o
                0x0000000008000c24                MFXSTM32L152_RegisterBusIO
 .text.MFXSTM32L152_reg24_setPinValue
                0x0000000008000ca8      0x17a ./Drivers/BSP/Components/mfxstm32l152.o
 .text.MFXSTM32L152_ReadRegWrap
                0x0000000008000e22       0x32 ./Drivers/BSP/Components/mfxstm32l152.o
 .text.MFXSTM32L152_WriteRegWrap
                0x0000000008000e54       0x32 ./Drivers/BSP/Components/mfxstm32l152.o
 .text.mfxstm32l152_read_reg
                0x0000000008000e86       0x2e ./Drivers/BSP/Components/mfxstm32l152_reg.o
                0x0000000008000e86                mfxstm32l152_read_reg
 .text.mfxstm32l152_write_reg
                0x0000000008000eb4       0x2e ./Drivers/BSP/Components/mfxstm32l152_reg.o
                0x0000000008000eb4                mfxstm32l152_write_reg
 *fill*         0x0000000008000ee2        0x2 
 .text.BSP_LED_Init
                0x0000000008000ee4      0x104 ./Drivers/BSP/STM32H743I-EVAL/stm32h743i_eval.o
                0x0000000008000ee4                BSP_LED_Init
 .text.BSP_LED_Off
                0x0000000008000fe8       0x5c ./Drivers/BSP/STM32H743I-EVAL/stm32h743i_eval.o
                0x0000000008000fe8                BSP_LED_Off
 .text.BSP_LED_Toggle
                0x0000000008001044       0x5c ./Drivers/BSP/STM32H743I-EVAL/stm32h743i_eval.o
                0x0000000008001044                BSP_LED_Toggle
 .text.BSP_PB_Init
                0x00000000080010a0      0x150 ./Drivers/BSP/STM32H743I-EVAL/stm32h743i_eval.o
                0x00000000080010a0                BSP_PB_Init
 .text.BSP_PB_GetState
                0x00000000080011f0       0x34 ./Drivers/BSP/STM32H743I-EVAL/stm32h743i_eval.o
                0x00000000080011f0                BSP_PB_GetState
 .text.BSP_PB_Callback
                0x0000000008001224       0x16 ./Drivers/BSP/STM32H743I-EVAL/stm32h743i_eval.o
                0x0000000008001224                BSP_PB_Callback
 .text.BUTTON_WAKEUP_EXTI_Callback
                0x000000000800123a        0xe ./Drivers/BSP/STM32H743I-EVAL/stm32h743i_eval.o
 .text.BUTTON_TAMPER_EXTI_Callback
                0x0000000008001248        0xe ./Drivers/BSP/STM32H743I-EVAL/stm32h743i_eval.o
 .text.BUTTON_USER_EXTI_Callback
                0x0000000008001256        0xe ./Drivers/BSP/STM32H743I-EVAL/stm32h743i_eval.o
 .text.BSP_I2C1_Init
                0x0000000008001264       0x78 ./Drivers/BSP/STM32H743I-EVAL/stm32h743i_eval_bus.o
                0x0000000008001264                BSP_I2C1_Init
 .text.BSP_I2C1_DeInit
                0x00000000080012dc       0x50 ./Drivers/BSP/STM32H743I-EVAL/stm32h743i_eval_bus.o
                0x00000000080012dc                BSP_I2C1_DeInit
 .text.MX_I2C1_Init
                0x000000000800132c       0x84 ./Drivers/BSP/STM32H743I-EVAL/stm32h743i_eval_bus.o
                0x000000000800132c                MX_I2C1_Init
 .text.BSP_I2C1_WriteReg
                0x00000000080013b0       0x5c ./Drivers/BSP/STM32H743I-EVAL/stm32h743i_eval_bus.o
                0x00000000080013b0                BSP_I2C1_WriteReg
 .text.BSP_I2C1_ReadReg
                0x000000000800140c       0x5c ./Drivers/BSP/STM32H743I-EVAL/stm32h743i_eval_bus.o
                0x000000000800140c                BSP_I2C1_ReadReg
 .text.BSP_GetTick
                0x0000000008001468        0xe ./Drivers/BSP/STM32H743I-EVAL/stm32h743i_eval_bus.o
                0x0000000008001468                BSP_GetTick
 *fill*         0x0000000008001476        0x2 
 .text.I2C_GetTiming
                0x0000000008001478      0x100 ./Drivers/BSP/STM32H743I-EVAL/stm32h743i_eval_bus.o
 .text.I2C_Compute_PRESC_SCLDEL_SDADEL
                0x0000000008001578      0x1dc ./Drivers/BSP/STM32H743I-EVAL/stm32h743i_eval_bus.o
 .text.I2C_Compute_SCLL_SCLH
                0x0000000008001754      0x210 ./Drivers/BSP/STM32H743I-EVAL/stm32h743i_eval_bus.o
 .text.I2C1_MspInit
                0x0000000008001964       0xd4 ./Drivers/BSP/STM32H743I-EVAL/stm32h743i_eval_bus.o
 .text.I2C1_MspDeInit
                0x0000000008001a38       0x44 ./Drivers/BSP/STM32H743I-EVAL/stm32h743i_eval_bus.o
 .text.I2C1_WriteReg
                0x0000000008001a7c       0x4c ./Drivers/BSP/STM32H743I-EVAL/stm32h743i_eval_bus.o
 .text.I2C1_ReadReg
                0x0000000008001ac8       0x4c ./Drivers/BSP/STM32H743I-EVAL/stm32h743i_eval_bus.o
 .text.BSP_IOEXPANDER_Init
                0x0000000008001b14       0x84 ./Drivers/BSP/STM32H743I-EVAL/stm32h743i_eval_io.o
                0x0000000008001b14                BSP_IOEXPANDER_Init
 .text.BSP_IO_Init
                0x0000000008001b98       0xc0 ./Drivers/BSP/STM32H743I-EVAL/stm32h743i_eval_io.o
                0x0000000008001b98                BSP_IO_Init
 .text.BSP_IO_WritePin
                0x0000000008001c58       0x64 ./Drivers/BSP/STM32H743I-EVAL/stm32h743i_eval_io.o
                0x0000000008001c58                BSP_IO_WritePin
 .text.BSP_IO_TogglePin
                0x0000000008001cbc       0x9c ./Drivers/BSP/STM32H743I-EVAL/stm32h743i_eval_io.o
                0x0000000008001cbc                BSP_IO_TogglePin
 .text.BSP_IOEXPANDER_ITConfig
                0x0000000008001d58       0xb4 ./Drivers/BSP/STM32H743I-EVAL/stm32h743i_eval_io.o
                0x0000000008001d58                BSP_IOEXPANDER_ITConfig
 .text.BSP_IO_Callback
                0x0000000008001e0c       0x14 ./Drivers/BSP/STM32H743I-EVAL/stm32h743i_eval_io.o
                0x0000000008001e0c                BSP_IO_Callback
 .text.MFXSTM32L152_Probe
                0x0000000008001e20       0xc8 ./Drivers/BSP/STM32H743I-EVAL/stm32h743i_eval_io.o
 .text.IO_EXTI_Callback
                0x0000000008001ee8        0xe ./Drivers/BSP/STM32H743I-EVAL/stm32h743i_eval_io.o
 *fill*         0x0000000008001ef6        0x2 
 .text.SystemInit
                0x0000000008001ef8       0xd0 ./Drivers/CMSIS/system_stm32h7xx.o
                0x0000000008001ef8                SystemInit
 .text.HAL_Init
                0x0000000008001fc8       0x78 ./Drivers/STM32H7xx_HAL_Driver/stm32h7xx_hal.o
                0x0000000008001fc8                HAL_Init
 .text.HAL_MspInit
                0x0000000008002040        0xe ./Drivers/STM32H7xx_HAL_Driver/stm32h7xx_hal.o
                0x0000000008002040                HAL_MspInit
 *fill*         0x000000000800204e        0x2 
 .text.HAL_InitTick
                0x0000000008002050       0x6c ./Drivers/STM32H7xx_HAL_Driver/stm32h7xx_hal.o
                0x0000000008002050                HAL_InitTick
 .text.HAL_IncTick
                0x00000000080020bc       0x28 ./Drivers/STM32H7xx_HAL_Driver/stm32h7xx_hal.o
                0x00000000080020bc                HAL_IncTick
 .text.HAL_GetTick
                0x00000000080020e4       0x18 ./Drivers/STM32H7xx_HAL_Driver/stm32h7xx_hal.o
                0x00000000080020e4                HAL_GetTick
 .text.HAL_Delay
                0x00000000080020fc       0x48 ./Drivers/STM32H7xx_HAL_Driver/stm32h7xx_hal.o
                0x00000000080020fc                HAL_Delay
 .text.HAL_GetREVID
                0x0000000008002144       0x18 ./Drivers/STM32H7xx_HAL_Driver/stm32h7xx_hal.o
                0x0000000008002144                HAL_GetREVID
 .text.__NVIC_SetPriorityGrouping
                0x000000000800215c       0x48 ./Drivers/STM32H7xx_HAL_Driver/stm32h7xx_hal_cortex.o
 .text.__NVIC_GetPriorityGrouping
                0x00000000080021a4       0x1c ./Drivers/STM32H7xx_HAL_Driver/stm32h7xx_hal_cortex.o
 .text.__NVIC_EnableIRQ
                0x00000000080021c0       0x3c ./Drivers/STM32H7xx_HAL_Driver/stm32h7xx_hal_cortex.o
 .text.__NVIC_SetPriority
                0x00000000080021fc       0x54 ./Drivers/STM32H7xx_HAL_Driver/stm32h7xx_hal_cortex.o
 .text.NVIC_EncodePriority
                0x0000000008002250       0x66 ./Drivers/STM32H7xx_HAL_Driver/stm32h7xx_hal_cortex.o
 *fill*         0x00000000080022b6        0x2 
 .text.__NVIC_SystemReset
                0x00000000080022b8       0x2c ./Drivers/STM32H7xx_HAL_Driver/stm32h7xx_hal_cortex.o
 .text.SysTick_Config
                0x00000000080022e4       0x44 ./Drivers/STM32H7xx_HAL_Driver/stm32h7xx_hal_cortex.o
 .text.HAL_NVIC_SetPriorityGrouping
                0x0000000008002328       0x16 ./Drivers/STM32H7xx_HAL_Driver/stm32h7xx_hal_cortex.o
                0x0000000008002328                HAL_NVIC_SetPriorityGrouping
 .text.HAL_NVIC_SetPriority
                0x000000000800233e       0x34 ./Drivers/STM32H7xx_HAL_Driver/stm32h7xx_hal_cortex.o
                0x000000000800233e                HAL_NVIC_SetPriority
 .text.HAL_NVIC_EnableIRQ
                0x0000000008002372       0x1c ./Drivers/STM32H7xx_HAL_Driver/stm32h7xx_hal_cortex.o
                0x0000000008002372                HAL_NVIC_EnableIRQ
 .text.HAL_NVIC_SystemReset
                0x000000000800238e        0x8 ./Drivers/STM32H7xx_HAL_Driver/stm32h7xx_hal_cortex.o
                0x000000000800238e                HAL_NVIC_SystemReset
 .text.HAL_SYSTICK_Config
                0x0000000008002396       0x18 ./Drivers/STM32H7xx_HAL_Driver/stm32h7xx_hal_cortex.o
                0x0000000008002396                HAL_SYSTICK_Config
 *fill*         0x00000000080023ae        0x2 
 .text.HAL_MPU_Disable
                0x00000000080023b0       0x30 ./Drivers/STM32H7xx_HAL_Driver/stm32h7xx_hal_cortex.o
                0x00000000080023b0                HAL_MPU_Disable
 .text.HAL_MPU_Enable
                0x00000000080023e0       0x40 ./Drivers/STM32H7xx_HAL_Driver/stm32h7xx_hal_cortex.o
                0x00000000080023e0                HAL_MPU_Enable
 .text.HAL_MPU_ConfigRegion
                0x0000000008002420       0x88 ./Drivers/STM32H7xx_HAL_Driver/stm32h7xx_hal_cortex.o
                0x0000000008002420                HAL_MPU_ConfigRegion
 .text.HAL_EXTI_RegisterCallback
                0x00000000080024a8       0x3e ./Drivers/STM32H7xx_HAL_Driver/stm32h7xx_hal_exti.o
                0x00000000080024a8                HAL_EXTI_RegisterCallback
 .text.HAL_EXTI_GetHandle
                0x00000000080024e6       0x28 ./Drivers/STM32H7xx_HAL_Driver/stm32h7xx_hal_exti.o
                0x00000000080024e6                HAL_EXTI_GetHandle
 *fill*         0x000000000800250e        0x2 
 .text.HAL_FLASH_Unlock
                0x0000000008002510       0x74 ./Drivers/STM32H7xx_HAL_Driver/stm32h7xx_hal_flash.o
                0x0000000008002510                HAL_FLASH_Unlock
 .text.HAL_FLASH_OB_Unlock
                0x0000000008002584       0x44 ./Drivers/STM32H7xx_HAL_Driver/stm32h7xx_hal_flash.o
                0x0000000008002584                HAL_FLASH_OB_Unlock
 .text.HAL_FLASH_OB_Launch
                0x00000000080025c8       0x64 ./Drivers/STM32H7xx_HAL_Driver/stm32h7xx_hal_flash.o
                0x00000000080025c8                HAL_FLASH_OB_Launch
 .text.FLASH_WaitForLastOperation
                0x000000000800262c      0x138 ./Drivers/STM32H7xx_HAL_Driver/stm32h7xx_hal_flash.o
                0x000000000800262c                FLASH_WaitForLastOperation
 .text.FLASH_OB_WaitForLastOperation
                0x0000000008002764       0x78 ./Drivers/STM32H7xx_HAL_Driver/stm32h7xx_hal_flash.o
                0x0000000008002764                FLASH_OB_WaitForLastOperation
 .text.FLASH_CRC_WaitForLastOperation
                0x00000000080027dc       0xf4 ./Drivers/STM32H7xx_HAL_Driver/stm32h7xx_hal_flash.o
                0x00000000080027dc                FLASH_CRC_WaitForLastOperation
 .text.HAL_FLASHEx_OBProgram
                0x00000000080028d0      0x148 ./Drivers/STM32H7xx_HAL_Driver/stm32h7xx_hal_flash_ex.o
                0x00000000080028d0                HAL_FLASHEx_OBProgram
 .text.HAL_FLASHEx_OBGetConfig
                0x0000000008002a18       0xb6 ./Drivers/STM32H7xx_HAL_Driver/stm32h7xx_hal_flash_ex.o
                0x0000000008002a18                HAL_FLASHEx_OBGetConfig
 *fill*         0x0000000008002ace        0x2 
 .text.FLASH_OB_EnableWRP
                0x0000000008002ad0       0x54 ./Drivers/STM32H7xx_HAL_Driver/stm32h7xx_hal_flash_ex.o
 .text.FLASH_OB_DisableWRP
                0x0000000008002b24       0x50 ./Drivers/STM32H7xx_HAL_Driver/stm32h7xx_hal_flash_ex.o
 .text.FLASH_OB_GetWRP
                0x0000000008002b74       0x5c ./Drivers/STM32H7xx_HAL_Driver/stm32h7xx_hal_flash_ex.o
 .text.FLASH_OB_RDPConfig
                0x0000000008002bd0       0x28 ./Drivers/STM32H7xx_HAL_Driver/stm32h7xx_hal_flash_ex.o
 .text.FLASH_OB_GetRDP
                0x0000000008002bf8       0x38 ./Drivers/STM32H7xx_HAL_Driver/stm32h7xx_hal_flash_ex.o
 .text.FLASH_OB_UserConfig
                0x0000000008002c30      0x144 ./Drivers/STM32H7xx_HAL_Driver/stm32h7xx_hal_flash_ex.o
 .text.FLASH_OB_GetUser
                0x0000000008002d74       0x2c ./Drivers/STM32H7xx_HAL_Driver/stm32h7xx_hal_flash_ex.o
 .text.FLASH_OB_PCROPConfig
                0x0000000008002da0       0x6c ./Drivers/STM32H7xx_HAL_Driver/stm32h7xx_hal_flash_ex.o
 .text.FLASH_OB_GetPCROP
                0x0000000008002e0c       0x84 ./Drivers/STM32H7xx_HAL_Driver/stm32h7xx_hal_flash_ex.o
 .text.FLASH_OB_BOR_LevelConfig
                0x0000000008002e90       0x28 ./Drivers/STM32H7xx_HAL_Driver/stm32h7xx_hal_flash_ex.o
 .text.FLASH_OB_GetBOR
                0x0000000008002eb8       0x1c ./Drivers/STM32H7xx_HAL_Driver/stm32h7xx_hal_flash_ex.o
 .text.FLASH_OB_BootAddConfig
                0x0000000008002ed4       0x54 ./Drivers/STM32H7xx_HAL_Driver/stm32h7xx_hal_flash_ex.o
 .text.FLASH_OB_GetBootAdd
                0x0000000008002f28       0x38 ./Drivers/STM32H7xx_HAL_Driver/stm32h7xx_hal_flash_ex.o
 .text.FLASH_OB_SecureAreaConfig
                0x0000000008002f60       0x74 ./Drivers/STM32H7xx_HAL_Driver/stm32h7xx_hal_flash_ex.o
 .text.FLASH_OB_GetSecureArea
                0x0000000008002fd4       0x84 ./Drivers/STM32H7xx_HAL_Driver/stm32h7xx_hal_flash_ex.o
 .text.HAL_GPIO_Init
                0x0000000008003058      0x360 ./Drivers/STM32H7xx_HAL_Driver/stm32h7xx_hal_gpio.o
                0x0000000008003058                HAL_GPIO_Init
 .text.HAL_GPIO_DeInit
                0x00000000080033b8      0x214 ./Drivers/STM32H7xx_HAL_Driver/stm32h7xx_hal_gpio.o
                0x00000000080033b8                HAL_GPIO_DeInit
 .text.HAL_GPIO_ReadPin
                0x00000000080035cc       0x30 ./Drivers/STM32H7xx_HAL_Driver/stm32h7xx_hal_gpio.o
                0x00000000080035cc                HAL_GPIO_ReadPin
 .text.HAL_GPIO_WritePin
                0x00000000080035fc       0x32 ./Drivers/STM32H7xx_HAL_Driver/stm32h7xx_hal_gpio.o
                0x00000000080035fc                HAL_GPIO_WritePin
 .text.HAL_GPIO_TogglePin
                0x000000000800362e       0x34 ./Drivers/STM32H7xx_HAL_Driver/stm32h7xx_hal_gpio.o
                0x000000000800362e                HAL_GPIO_TogglePin
 .text.HAL_GPIO_EXTI_IRQHandler
                0x0000000008003662       0x34 ./Drivers/STM32H7xx_HAL_Driver/stm32h7xx_hal_gpio.o
                0x0000000008003662                HAL_GPIO_EXTI_IRQHandler
 .text.HAL_GPIO_EXTI_Callback
                0x0000000008003696       0x16 ./Drivers/STM32H7xx_HAL_Driver/stm32h7xx_hal_gpio.o
                0x0000000008003696                HAL_GPIO_EXTI_Callback
 .text.HAL_I2C_Init
                0x00000000080036ac      0x120 ./Drivers/STM32H7xx_HAL_Driver/stm32h7xx_hal_i2c.o
                0x00000000080036ac                HAL_I2C_Init
 .text.HAL_I2C_DeInit
                0x00000000080037cc       0x5e ./Drivers/STM32H7xx_HAL_Driver/stm32h7xx_hal_i2c.o
                0x00000000080037cc                HAL_I2C_DeInit
 .text.HAL_I2C_MspInit
                0x000000000800382a       0x14 ./Drivers/STM32H7xx_HAL_Driver/stm32h7xx_hal_i2c.o
                0x000000000800382a                HAL_I2C_MspInit
 .text.HAL_I2C_MspDeInit
                0x000000000800383e       0x14 ./Drivers/STM32H7xx_HAL_Driver/stm32h7xx_hal_i2c.o
                0x000000000800383e                HAL_I2C_MspDeInit
 *fill*         0x0000000008003852        0x2 
 .text.HAL_I2C_Mem_Write
                0x0000000008003854      0x228 ./Drivers/STM32H7xx_HAL_Driver/stm32h7xx_hal_i2c.o
                0x0000000008003854                HAL_I2C_Mem_Write
 .text.HAL_I2C_Mem_Read
                0x0000000008003a7c      0x234 ./Drivers/STM32H7xx_HAL_Driver/stm32h7xx_hal_i2c.o
                0x0000000008003a7c                HAL_I2C_Mem_Read
 .text.HAL_I2C_GetState
                0x0000000008003cb0       0x1c ./Drivers/STM32H7xx_HAL_Driver/stm32h7xx_hal_i2c.o
                0x0000000008003cb0                HAL_I2C_GetState
 .text.HAL_I2C_GetError
                0x0000000008003ccc       0x18 ./Drivers/STM32H7xx_HAL_Driver/stm32h7xx_hal_i2c.o
                0x0000000008003ccc                HAL_I2C_GetError
 .text.I2C_RequestMemoryWrite
                0x0000000008003ce4       0xa8 ./Drivers/STM32H7xx_HAL_Driver/stm32h7xx_hal_i2c.o
 .text.I2C_RequestMemoryRead
                0x0000000008003d8c       0xa8 ./Drivers/STM32H7xx_HAL_Driver/stm32h7xx_hal_i2c.o
 .text.I2C_Flush_TXDR
                0x0000000008003e34       0x48 ./Drivers/STM32H7xx_HAL_Driver/stm32h7xx_hal_i2c.o
 .text.I2C_WaitOnFlagUntilTimeout
                0x0000000008003e7c       0x9e ./Drivers/STM32H7xx_HAL_Driver/stm32h7xx_hal_i2c.o
 .text.I2C_WaitOnTXISFlagUntilTimeout
                0x0000000008003f1a       0x8e ./Drivers/STM32H7xx_HAL_Driver/stm32h7xx_hal_i2c.o
 .text.I2C_WaitOnSTOPFlagUntilTimeout
                0x0000000008003fa8       0x86 ./Drivers/STM32H7xx_HAL_Driver/stm32h7xx_hal_i2c.o
 *fill*         0x000000000800402e        0x2 
 .text.I2C_IsErrorOccurred
                0x0000000008004030      0x1c0 ./Drivers/STM32H7xx_HAL_Driver/stm32h7xx_hal_i2c.o
 .text.I2C_TransferConfig
                0x00000000080041f0       0x64 ./Drivers/STM32H7xx_HAL_Driver/stm32h7xx_hal_i2c.o
 .text.HAL_I2CEx_ConfigAnalogFilter
                0x0000000008004254       0x96 ./Drivers/STM32H7xx_HAL_Driver/stm32h7xx_hal_i2c_ex.o
                0x0000000008004254                HAL_I2CEx_ConfigAnalogFilter
 .text.HAL_I2CEx_ConfigDigitalFilter
                0x00000000080042ea       0x98 ./Drivers/STM32H7xx_HAL_Driver/stm32h7xx_hal_i2c_ex.o
                0x00000000080042ea                HAL_I2CEx_ConfigDigitalFilter
 *fill*         0x0000000008004382        0x2 
 .text.HAL_PWREx_ConfigSupply
                0x0000000008004384       0x74 ./Drivers/STM32H7xx_HAL_Driver/stm32h7xx_hal_pwr_ex.o
                0x0000000008004384                HAL_PWREx_ConfigSupply
 .text.HAL_RCC_OscConfig
                0x00000000080043f8      0x8b4 ./Drivers/STM32H7xx_HAL_Driver/stm32h7xx_hal_rcc.o
                0x00000000080043f8                HAL_RCC_OscConfig
 .text.HAL_RCC_ClockConfig
                0x0000000008004cac      0x36c ./Drivers/STM32H7xx_HAL_Driver/stm32h7xx_hal_rcc.o
                0x0000000008004cac                HAL_RCC_ClockConfig
 .text.HAL_RCC_GetSysClockFreq
                0x0000000008005018      0x2f4 ./Drivers/STM32H7xx_HAL_Driver/stm32h7xx_hal_rcc.o
                0x0000000008005018                HAL_RCC_GetSysClockFreq
 .text.HAL_RCC_GetHCLKFreq
                0x000000000800530c       0x60 ./Drivers/STM32H7xx_HAL_Driver/stm32h7xx_hal_rcc.o
                0x000000000800530c                HAL_RCC_GetHCLKFreq
 .text.HAL_RCC_GetPCLK1Freq
                0x000000000800536c       0x2c ./Drivers/STM32H7xx_HAL_Driver/stm32h7xx_hal_rcc.o
                0x000000000800536c                HAL_RCC_GetPCLK1Freq
 .text.Reset_Handler
                0x0000000008005398       0x50 ./Example/Startup/startup_stm32h743xihx.o
                0x0000000008005398                Reset_Handler
 .text.Default_Handler
                0x00000000080053e8        0x2 ./Example/Startup/startup_stm32h743xihx.o
                0x00000000080053e8                RTC_Alarm_IRQHandler
                0x00000000080053e8                EXTI2_IRQHandler
                0x00000000080053e8                TIM8_CC_IRQHandler
                0x00000000080053e8                HRTIM1_Master_IRQHandler
                0x00000000080053e8                UART8_IRQHandler
                0x00000000080053e8                SPI4_IRQHandler
                0x00000000080053e8                TIM1_CC_IRQHandler
                0x00000000080053e8                BDMA_Channel6_IRQHandler
                0x00000000080053e8                DMA2_Stream5_IRQHandler
                0x00000000080053e8                HRTIM1_FLT_IRQHandler
                0x00000000080053e8                JPEG_IRQHandler
                0x00000000080053e8                DMA1_Stream5_IRQHandler
                0x00000000080053e8                BDMA_Channel1_IRQHandler
                0x00000000080053e8                HRTIM1_TIMD_IRQHandler
                0x00000000080053e8                TAMP_STAMP_IRQHandler
                0x00000000080053e8                EXTI3_IRQHandler
                0x00000000080053e8                LPTIM4_IRQHandler
                0x00000000080053e8                TIM8_TRG_COM_TIM14_IRQHandler
                0x00000000080053e8                LPTIM2_IRQHandler
                0x00000000080053e8                DFSDM1_FLT1_IRQHandler
                0x00000000080053e8                DMAMUX2_OVR_IRQHandler
                0x00000000080053e8                TIM8_UP_TIM13_IRQHandler
                0x00000000080053e8                I2C3_ER_IRQHandler
                0x00000000080053e8                DFSDM1_FLT2_IRQHandler
                0x00000000080053e8                MDMA_IRQHandler
                0x00000000080053e8                LPTIM3_IRQHandler
                0x00000000080053e8                HSEM1_IRQHandler
                0x00000000080053e8                EXTI0_IRQHandler
                0x00000000080053e8                I2C2_EV_IRQHandler
                0x00000000080053e8                DMA1_Stream2_IRQHandler
                0x00000000080053e8                FPU_IRQHandler
                0x00000000080053e8                OTG_HS_WKUP_IRQHandler
                0x00000000080053e8                FDCAN1_IT1_IRQHandler
                0x00000000080053e8                LTDC_ER_IRQHandler
                0x00000000080053e8                DMA2_Stream2_IRQHandler
                0x00000000080053e8                HRTIM1_TIME_IRQHandler
                0x00000000080053e8                SPI1_IRQHandler
                0x00000000080053e8                TIM6_DAC_IRQHandler
                0x00000000080053e8                DCMI_IRQHandler
                0x00000000080053e8                HRTIM1_TIMC_IRQHandler
                0x00000000080053e8                DMA2_Stream3_IRQHandler
                0x00000000080053e8                SAI2_IRQHandler
                0x00000000080053e8                DFSDM1_FLT3_IRQHandler
                0x00000000080053e8                USART6_IRQHandler
                0x00000000080053e8                TIM17_IRQHandler
                0x00000000080053e8                USART3_IRQHandler
                0x00000000080053e8                BDMA_Channel7_IRQHandler
                0x00000000080053e8                LPTIM5_IRQHandler
                0x00000000080053e8                UART5_IRQHandler
                0x00000000080053e8                ADC3_IRQHandler
                0x00000000080053e8                DMA2_Stream0_IRQHandler
                0x00000000080053e8                TIM4_IRQHandler
                0x00000000080053e8                BDMA_Channel2_IRQHandler
                0x00000000080053e8                QUADSPI_IRQHandler
                0x00000000080053e8                I2C1_EV_IRQHandler
                0x00000000080053e8                DMA1_Stream6_IRQHandler
                0x00000000080053e8                DMAMUX1_OVR_IRQHandler
                0x00000000080053e8                DMA1_Stream1_IRQHandler
                0x00000000080053e8                TIM16_IRQHandler
                0x00000000080053e8                UART4_IRQHandler
                0x00000000080053e8                BDMA_Channel5_IRQHandler
                0x00000000080053e8                TIM3_IRQHandler
                0x00000000080053e8                RCC_IRQHandler
                0x00000000080053e8                TIM8_BRK_TIM12_IRQHandler
                0x00000000080053e8                TIM1_TRG_COM_IRQHandler
                0x00000000080053e8                Default_Handler
                0x00000000080053e8                ECC_IRQHandler
                0x00000000080053e8                CEC_IRQHandler
                0x00000000080053e8                BDMA_Channel0_IRQHandler
                0x00000000080053e8                ADC_IRQHandler
                0x00000000080053e8                DMA1_Stream7_IRQHandler
                0x00000000080053e8                HRTIM1_TIMA_IRQHandler
                0x00000000080053e8                SPI5_IRQHandler
                0x00000000080053e8                TIM7_IRQHandler
                0x00000000080053e8                SDMMC1_IRQHandler
                0x00000000080053e8                TIM5_IRQHandler
                0x00000000080053e8                DMA2_Stream7_IRQHandler
                0x00000000080053e8                TIM15_IRQHandler
                0x00000000080053e8                PVD_AVD_IRQHandler
                0x00000000080053e8                I2C3_EV_IRQHandler
                0x00000000080053e8                EXTI9_5_IRQHandler
                0x00000000080053e8                RTC_WKUP_IRQHandler
                0x00000000080053e8                LTDC_IRQHandler
                0x00000000080053e8                SAI3_IRQHandler
                0x00000000080053e8                ETH_WKUP_IRQHandler
                0x00000000080053e8                SPDIF_RX_IRQHandler
                0x00000000080053e8                SPI2_IRQHandler
                0x00000000080053e8                OTG_HS_EP1_IN_IRQHandler
                0x00000000080053e8                DMA1_Stream0_IRQHandler
                0x00000000080053e8                CRS_IRQHandler
                0x00000000080053e8                EXTI4_IRQHandler
                0x00000000080053e8                RNG_IRQHandler
                0x00000000080053e8                HRTIM1_TIMB_IRQHandler
                0x00000000080053e8                FDCAN2_IT1_IRQHandler
                0x00000000080053e8                ETH_IRQHandler
                0x00000000080053e8                TIM1_UP_IRQHandler
                0x00000000080053e8                BDMA_Channel4_IRQHandler
                0x00000000080053e8                OTG_HS_EP1_OUT_IRQHandler
                0x00000000080053e8                WWDG_IRQHandler
                0x00000000080053e8                SPI6_IRQHandler
                0x00000000080053e8                MDIOS_IRQHandler
                0x00000000080053e8                I2C4_EV_IRQHandler
                0x00000000080053e8                FDCAN2_IT0_IRQHandler
                0x00000000080053e8                LPUART1_IRQHandler
                0x00000000080053e8                FDCAN1_IT0_IRQHandler
                0x00000000080053e8                TIM2_IRQHandler
                0x00000000080053e8                OTG_FS_WKUP_IRQHandler
                0x00000000080053e8                OTG_HS_IRQHandler
                0x00000000080053e8                DMA2D_IRQHandler
                0x00000000080053e8                TIM1_BRK_IRQHandler
                0x00000000080053e8                EXTI1_IRQHandler
                0x00000000080053e8                SDMMC2_IRQHandler
                0x00000000080053e8                OTG_FS_EP1_OUT_IRQHandler
                0x00000000080053e8                BDMA_Channel3_IRQHandler
                0x00000000080053e8                UART7_IRQHandler
                0x00000000080053e8                MDIOS_WKUP_IRQHandler
                0x00000000080053e8                USART2_IRQHandler
                0x00000000080053e8                DFSDM1_FLT0_IRQHandler
                0x00000000080053e8                SAI4_IRQHandler
                0x00000000080053e8                I2C2_ER_IRQHandler
                0x00000000080053e8                DMA2_Stream1_IRQHandler
                0x00000000080053e8                FLASH_IRQHandler
                0x00000000080053e8                DMA2_Stream4_IRQHandler
                0x00000000080053e8                USART1_IRQHandler
                0x00000000080053e8                OTG_FS_IRQHandler
                0x00000000080053e8                SPI3_IRQHandler
                0x00000000080053e8                WAKEUP_PIN_IRQHandler
                0x00000000080053e8                DMA1_Stream4_IRQHandler
                0x00000000080053e8                OTG_FS_EP1_IN_IRQHandler
                0x00000000080053e8                I2C1_ER_IRQHandler
                0x00000000080053e8                FMC_IRQHandler
                0x00000000080053e8                FDCAN_CAL_IRQHandler
                0x00000000080053e8                SWPMI1_IRQHandler
                0x00000000080053e8                COMP1_IRQHandler
                0x00000000080053e8                LPTIM1_IRQHandler
                0x00000000080053e8                I2C4_ER_IRQHandler
                0x00000000080053e8                DMA2_Stream6_IRQHandler
                0x00000000080053e8                SAI1_IRQHandler
                0x00000000080053e8                DMA1_Stream3_IRQHandler
 *fill*         0x00000000080053ea        0x2 
 .text.main     0x00000000080053ec      0x110 ./Example/User/main.o
                0x00000000080053ec                main
 .text.SystemClock_Config
                0x00000000080054fc       0xf8 ./Example/User/main.o
 .text.CPU_CACHE_Enable
                0x00000000080055f4       0xdc ./Example/User/main.o
 .text.MPU_Config
                0x00000000080056d0       0x4c ./Example/User/main.o
 .text.NMI_Handler
                0x000000000800571c        0xe ./Example/User/stm32h7xx_it.o
                0x000000000800571c                NMI_Handler
 .text.HardFault_Handler
                0x000000000800572a        0x6 ./Example/User/stm32h7xx_it.o
                0x000000000800572a                HardFault_Handler
 .text.MemManage_Handler
                0x0000000008005730        0x6 ./Example/User/stm32h7xx_it.o
                0x0000000008005730                MemManage_Handler
 .text.BusFault_Handler
                0x0000000008005736        0x6 ./Example/User/stm32h7xx_it.o
                0x0000000008005736                BusFault_Handler
 .text.UsageFault_Handler
                0x000000000800573c        0x6 ./Example/User/stm32h7xx_it.o
                0x000000000800573c                UsageFault_Handler
 .text.SVC_Handler
                0x0000000008005742        0xe ./Example/User/stm32h7xx_it.o
                0x0000000008005742                SVC_Handler
 .text.DebugMon_Handler
                0x0000000008005750        0xe ./Example/User/stm32h7xx_it.o
                0x0000000008005750                DebugMon_Handler
 .text.PendSV_Handler
                0x000000000800575e        0xe ./Example/User/stm32h7xx_it.o
                0x000000000800575e                PendSV_Handler
 .text.SysTick_Handler
                0x000000000800576c        0xc ./Example/User/stm32h7xx_it.o
                0x000000000800576c                SysTick_Handler
 .text.EXTI15_10_IRQHandler
                0x0000000008005778       0x10 ./Example/User/stm32h7xx_it.o
                0x0000000008005778                EXTI15_10_IRQHandler
 .text.__libc_init_array
                0x0000000008005788       0x48 C:/ST/STM32CubeIDE_1.13.2/STM32CubeIDE/plugins/com.st.stm32cube.ide.mcu.externaltools.gnu-tools-for-stm32.11.3.rel1.win32_1.1.1.202309131626/tools/bin/../lib/gcc/arm-none-eabi/11.3.1/../../../../arm-none-eabi/lib/thumb/v7e-m+dp/hard\libc_nano.a(libc_a-init.o)
                0x0000000008005788                __libc_init_array
 *(.glue_7)
 .glue_7        0x00000000080057d0        0x0 linker stubs
 *(.glue_7t)
 .glue_7t       0x00000000080057d0        0x0 linker stubs
 *(.eh_frame)
 .eh_frame      0x00000000080057d0        0x0 C:/ST/STM32CubeIDE_1.13.2/STM32CubeIDE/plugins/com.st.stm32cube.ide.mcu.externaltools.gnu-tools-for-stm32.11.3.rel1.win32_1.1.1.202309131626/tools/bin/../lib/gcc/arm-none-eabi/11.3.1/thumb/v7e-m+dp/hard/crtbegin.o
 *(.init)
 .init          0x00000000080057d0        0x4 C:/ST/STM32CubeIDE_1.13.2/STM32CubeIDE/plugins/com.st.stm32cube.ide.mcu.externaltools.gnu-tools-for-stm32.11.3.rel1.win32_1.1.1.202309131626/tools/bin/../lib/gcc/arm-none-eabi/11.3.1/thumb/v7e-m+dp/hard/crti.o
                0x00000000080057d0                _init
 .init          0x00000000080057d4        0x8 C:/ST/STM32CubeIDE_1.13.2/STM32CubeIDE/plugins/com.st.stm32cube.ide.mcu.externaltools.gnu-tools-for-stm32.11.3.rel1.win32_1.1.1.202309131626/tools/bin/../lib/gcc/arm-none-eabi/11.3.1/thumb/v7e-m+dp/hard/crtn.o
 *(.fini)
 .fini          0x00000000080057dc        0x4 C:/ST/STM32CubeIDE_1.13.2/STM32CubeIDE/plugins/com.st.stm32cube.ide.mcu.externaltools.gnu-tools-for-stm32.11.3.rel1.win32_1.1.1.202309131626/tools/bin/../lib/gcc/arm-none-eabi/11.3.1/thumb/v7e-m+dp/hard/crti.o
                0x00000000080057dc                _fini
 .fini          0x00000000080057e0        0x8 C:/ST/STM32CubeIDE_1.13.2/STM32CubeIDE/plugins/com.st.stm32cube.ide.mcu.externaltools.gnu-tools-for-stm32.11.3.rel1.win32_1.1.1.202309131626/tools/bin/../lib/gcc/arm-none-eabi/11.3.1/thumb/v7e-m+dp/hard/crtn.o
                0x00000000080057e8                . = ALIGN (0x4)
                0x00000000080057e8                _etext = .

.vfp11_veneer   0x00000000080057e8        0x0
 .vfp11_veneer  0x00000000080057e8        0x0 linker stubs

.v4_bx          0x00000000080057e8        0x0
 .v4_bx         0x00000000080057e8        0x0 linker stubs

.iplt           0x00000000080057e8        0x0
 .iplt          0x00000000080057e8        0x0 C:/ST/STM32CubeIDE_1.13.2/STM32CubeIDE/plugins/com.st.stm32cube.ide.mcu.externaltools.gnu-tools-for-stm32.11.3.rel1.win32_1.1.1.202309131626/tools/bin/../lib/gcc/arm-none-eabi/11.3.1/thumb/v7e-m+dp/hard/crtbegin.o

.rodata         0x00000000080057e8       0xc0
                0x00000000080057e8                . = ALIGN (0x4)
 *(.rodata)
 *(.rodata*)
 .rodata.LED_PIN
                0x00000000080057e8       0x10 ./Drivers/BSP/STM32H743I-EVAL/stm32h743i_eval.o
 .rodata.BUTTON_PIN
                0x00000000080057f8        0x6 ./Drivers/BSP/STM32H743I-EVAL/stm32h743i_eval.o
 *fill*         0x00000000080057fe        0x2 
 .rodata.BUTTON_IRQn
                0x0000000008005800        0x6 ./Drivers/BSP/STM32H743I-EVAL/stm32h743i_eval.o
 *fill*         0x0000000008005806        0x2 
 .rodata.BUTTON_EXTI_LINE.4
                0x0000000008005808        0xc ./Drivers/BSP/STM32H743I-EVAL/stm32h743i_eval.o
 .rodata.I2C_Charac
                0x0000000008005814       0x84 ./Drivers/BSP/STM32H743I-EVAL/stm32h743i_eval_bus.o
 .rodata.D1CorePrescTable
                0x0000000008005898       0x10 ./Drivers/CMSIS/system_stm32h7xx.o
                0x0000000008005898                D1CorePrescTable
                0x00000000080058a8                . = ALIGN (0x4)

.rel.dyn        0x00000000080058a8        0x0
 .rel.iplt      0x00000000080058a8        0x0 C:/ST/STM32CubeIDE_1.13.2/STM32CubeIDE/plugins/com.st.stm32cube.ide.mcu.externaltools.gnu-tools-for-stm32.11.3.rel1.win32_1.1.1.202309131626/tools/bin/../lib/gcc/arm-none-eabi/11.3.1/thumb/v7e-m+dp/hard/crtbegin.o

.ARM.extab
 *(.ARM.extab* .gnu.linkonce.armextab.*)

.ARM            0x00000000080058a8        0x0
                0x00000000080058a8                __exidx_start = .
 *(.ARM.exidx*)
                0x00000000080058a8                __exidx_end = .

.preinit_array  0x00000000080058a8        0x0
                0x00000000080058a8                PROVIDE (__preinit_array_start = .)
 *(.preinit_array*)
                0x00000000080058a8                PROVIDE (__preinit_array_end = .)

.init_array     0x00000000080058a8        0x4
                0x00000000080058a8                PROVIDE (__init_array_start = .)
 *(SORT_BY_NAME(.init_array.*))
 *(.init_array*)
 .init_array    0x00000000080058a8        0x4 C:/ST/STM32CubeIDE_1.13.2/STM32CubeIDE/plugins/com.st.stm32cube.ide.mcu.externaltools.gnu-tools-for-stm32.11.3.rel1.win32_1.1.1.202309131626/tools/bin/../lib/gcc/arm-none-eabi/11.3.1/thumb/v7e-m+dp/hard/crtbegin.o
                0x00000000080058ac                PROVIDE (__init_array_end = .)

.fini_array     0x00000000080058ac        0x4
                [!provide]                        PROVIDE (__fini_array_start = .)
 *(SORT_BY_NAME(.fini_array.*))
 *(.fini_array*)
 .fini_array    0x00000000080058ac        0x4 C:/ST/STM32CubeIDE_1.13.2/STM32CubeIDE/plugins/com.st.stm32cube.ide.mcu.externaltools.gnu-tools-for-stm32.11.3.rel1.win32_1.1.1.202309131626/tools/bin/../lib/gcc/arm-none-eabi/11.3.1/thumb/v7e-m+dp/hard/crtbegin.o
                [!provide]                        PROVIDE (__fini_array_end = .)
                0x00000000080058b0                _sidata = LOADADDR (.data)

.data           0x0000000020000000       0x70 load address 0x00000000080058b0
                0x0000000020000000                . = ALIGN (0x4)
                0x0000000020000000                _sdata = .
 *(.data)
 *(.data*)
 .data.MFXSTM32L152_IO_Driver
                0x0000000020000000       0x2c ./Drivers/BSP/Components/mfxstm32l152.o
                0x0000000020000000                MFXSTM32L152_IO_Driver
 .data.LED_PORT
                0x000000002000002c       0x10 ./Drivers/BSP/STM32H743I-EVAL/stm32h743i_eval.o
 .data.BUTTON_PORT
                0x000000002000003c        0xc ./Drivers/BSP/STM32H743I-EVAL/stm32h743i_eval.o
 .data.ButtonCallback.3
                0x0000000020000048        0xc ./Drivers/BSP/STM32H743I-EVAL/stm32h743i_eval.o
 .data.BSP_BUTTON_PRIO.2
                0x0000000020000054        0xc ./Drivers/BSP/STM32H743I-EVAL/stm32h743i_eval.o
 .data.SystemCoreClock
                0x0000000020000060        0x4 ./Drivers/CMSIS/system_stm32h7xx.o
                0x0000000020000060                SystemCoreClock
 .data.SystemD2Clock
                0x0000000020000064        0x4 ./Drivers/CMSIS/system_stm32h7xx.o
                0x0000000020000064                SystemD2Clock
 .data.uwTickPrio
                0x0000000020000068        0x4 ./Drivers/STM32H7xx_HAL_Driver/stm32h7xx_hal.o
                0x0000000020000068                uwTickPrio
 .data.uwTickFreq
                0x000000002000006c        0x1 ./Drivers/STM32H7xx_HAL_Driver/stm32h7xx_hal.o
                0x000000002000006c                uwTickFreq
                0x0000000020000070                . = ALIGN (0x4)
 *fill*         0x000000002000006d        0x3 
                0x0000000020000070                _edata = .

.igot.plt       0x0000000020000070        0x0 load address 0x0000000008005920
 .igot.plt      0x0000000020000070        0x0 C:/ST/STM32CubeIDE_1.13.2/STM32CubeIDE/plugins/com.st.stm32cube.ide.mcu.externaltools.gnu-tools-for-stm32.11.3.rel1.win32_1.1.1.202309131626/tools/bin/../lib/gcc/arm-none-eabi/11.3.1/thumb/v7e-m+dp/hard/crtbegin.o
                0x0000000020000070                . = ALIGN (0x4)

.bss            0x0000000020000070      0xb34 load address 0x0000000008005920
                0x0000000020000070                _sbss = .
                0x0000000020000070                __bss_start__ = _sbss
 *(.bss)
 .bss           0x0000000020000070       0x1c C:/ST/STM32CubeIDE_1.13.2/STM32CubeIDE/plugins/com.st.stm32cube.ide.mcu.externaltools.gnu-tools-for-stm32.11.3.rel1.win32_1.1.1.202309131626/tools/bin/../lib/gcc/arm-none-eabi/11.3.1/thumb/v7e-m+dp/hard/crtbegin.o
 *(.bss*)
 .bss.hpb_exti  0x000000002000008c       0x18 ./Drivers/BSP/STM32H743I-EVAL/stm32h743i_eval.o
                0x000000002000008c                hpb_exti
 .bss.I2c1InitCounter
                0x00000000200000a4        0x4 ./Drivers/BSP/STM32H743I-EVAL/stm32h743i_eval_bus.o
 .bss.I2c_valid_timing
                0x00000000200000a8      0xa00 ./Drivers/BSP/STM32H743I-EVAL/stm32h743i_eval_bus.o
 .bss.I2c_valid_timing_nbr
                0x0000000020000aa8        0x4 ./Drivers/BSP/STM32H743I-EVAL/stm32h743i_eval_bus.o
 .bss.hbus_i2c1
                0x0000000020000aac       0x54 ./Drivers/BSP/STM32H743I-EVAL/stm32h743i_eval_bus.o
                0x0000000020000aac                hbus_i2c1
 .bss.IO_Ctx    0x0000000020000b00        0x8 ./Drivers/BSP/STM32H743I-EVAL/stm32h743i_eval_io.o
                0x0000000020000b00                IO_Ctx
 .bss.Io_CompObj
                0x0000000020000b08       0x28 ./Drivers/BSP/STM32H743I-EVAL/stm32h743i_eval_io.o
                0x0000000020000b08                Io_CompObj
 .bss.hio_exti  0x0000000020000b30        0x8 ./Drivers/BSP/STM32H743I-EVAL/stm32h743i_eval_io.o
                0x0000000020000b30                hio_exti
 .bss.Io_Drv    0x0000000020000b38        0x4 ./Drivers/BSP/STM32H743I-EVAL/stm32h743i_eval_io.o
 .bss.mfx_io_it_enabled.0
                0x0000000020000b3c        0x4 ./Drivers/BSP/STM32H743I-EVAL/stm32h743i_eval_io.o
 .bss.uwTick    0x0000000020000b40        0x4 ./Drivers/STM32H7xx_HAL_Driver/stm32h7xx_hal.o
                0x0000000020000b40                uwTick
 .bss.pFlash    0x0000000020000b44       0x1c ./Drivers/STM32H7xx_HAL_Driver/stm32h7xx_hal_flash.o
                0x0000000020000b44                pFlash
 .bss.OBInit    0x0000000020000b60       0x44 ./Example/User/main.o
                0x0000000020000b60                OBInit
 *(COMMON)
                0x0000000020000ba4                . = ALIGN (0x4)
                0x0000000020000ba4                _ebss = .
                0x0000000020000ba4                __bss_end__ = _ebss

._user_heap_stack
                0x0000000020000ba4      0x604 load address 0x0000000008005920
                0x0000000020000ba8                . = ALIGN (0x8)
 *fill*         0x0000000020000ba4        0x4 
                [!provide]                        PROVIDE (end = .)
                0x0000000020000ba8                PROVIDE (_end = .)
                0x0000000020000da8                . = (. + _Min_Heap_Size)
 *fill*         0x0000000020000ba8      0x200 
                0x00000000200011a8                . = (. + _Min_Stack_Size)
 *fill*         0x0000000020000da8      0x400 
                0x00000000200011a8                . = ALIGN (0x8)

/DISCARD/
 libc.a(*)
 libm.a(*)
 libgcc.a(*)

.ARM.attributes
                0x0000000000000000       0x2e
 *(.ARM.attributes)
 .ARM.attributes
                0x0000000000000000       0x1e C:/ST/STM32CubeIDE_1.13.2/STM32CubeIDE/plugins/com.st.stm32cube.ide.mcu.externaltools.gnu-tools-for-stm32.11.3.rel1.win32_1.1.1.202309131626/tools/bin/../lib/gcc/arm-none-eabi/11.3.1/thumb/v7e-m+dp/hard/crti.o
 .ARM.attributes
                0x000000000000001e       0x32 C:/ST/STM32CubeIDE_1.13.2/STM32CubeIDE/plugins/com.st.stm32cube.ide.mcu.externaltools.gnu-tools-for-stm32.11.3.rel1.win32_1.1.1.202309131626/tools/bin/../lib/gcc/arm-none-eabi/11.3.1/thumb/v7e-m+dp/hard/crtbegin.o
 .ARM.attributes
                0x0000000000000050       0x32 ./Drivers/BSP/Components/mfxstm32l152.o
 .ARM.attributes
                0x0000000000000082       0x32 ./Drivers/BSP/Components/mfxstm32l152_reg.o
 .ARM.attributes
                0x00000000000000b4       0x32 ./Drivers/BSP/STM32H743I-EVAL/stm32h743i_eval.o
 .ARM.attributes
                0x00000000000000e6       0x32 ./Drivers/BSP/STM32H743I-EVAL/stm32h743i_eval_bus.o
 .ARM.attributes
                0x0000000000000118       0x32 ./Drivers/BSP/STM32H743I-EVAL/stm32h743i_eval_io.o
 .ARM.attributes
                0x000000000000014a       0x32 ./Drivers/CMSIS/system_stm32h7xx.o
 .ARM.attributes
                0x000000000000017c       0x32 ./Drivers/STM32H7xx_HAL_Driver/stm32h7xx_hal.o
 .ARM.attributes
                0x00000000000001ae       0x32 ./Drivers/STM32H7xx_HAL_Driver/stm32h7xx_hal_cortex.o
 .ARM.attributes
                0x00000000000001e0       0x32 ./Drivers/STM32H7xx_HAL_Driver/stm32h7xx_hal_exti.o
 .ARM.attributes
                0x0000000000000212       0x32 ./Drivers/STM32H7xx_HAL_Driver/stm32h7xx_hal_flash.o
 .ARM.attributes
                0x0000000000000244       0x32 ./Drivers/STM32H7xx_HAL_Driver/stm32h7xx_hal_flash_ex.o
 .ARM.attributes
                0x0000000000000276       0x32 ./Drivers/STM32H7xx_HAL_Driver/stm32h7xx_hal_gpio.o
 .ARM.attributes
                0x00000000000002a8       0x32 ./Drivers/STM32H7xx_HAL_Driver/stm32h7xx_hal_i2c.o
 .ARM.attributes
                0x00000000000002da       0x32 ./Drivers/STM32H7xx_HAL_Driver/stm32h7xx_hal_i2c_ex.o
 .ARM.attributes
                0x000000000000030c       0x32 ./Drivers/STM32H7xx_HAL_Driver/stm32h7xx_hal_pwr_ex.o
 .ARM.attributes
                0x000000000000033e       0x32 ./Drivers/STM32H7xx_HAL_Driver/stm32h7xx_hal_rcc.o
 .ARM.attributes
                0x0000000000000370       0x21 ./Example/Startup/startup_stm32h743xihx.o
 .ARM.attributes
                0x0000000000000391       0x32 ./Example/User/main.o
 .ARM.attributes
                0x00000000000003c3       0x32 ./Example/User/stm32h7xx_it.o
 .ARM.attributes
                0x00000000000003f5       0x32 C:/ST/STM32CubeIDE_1.13.2/STM32CubeIDE/plugins/com.st.stm32cube.ide.mcu.externaltools.gnu-tools-for-stm32.11.3.rel1.win32_1.1.1.202309131626/tools/bin/../lib/gcc/arm-none-eabi/11.3.1/../../../../arm-none-eabi/lib/thumb/v7e-m+dp/hard\libc_nano.a(libc_a-init.o)
 .ARM.attributes
                0x0000000000000427       0x1e C:/ST/STM32CubeIDE_1.13.2/STM32CubeIDE/plugins/com.st.stm32cube.ide.mcu.externaltools.gnu-tools-for-stm32.11.3.rel1.win32_1.1.1.202309131626/tools/bin/../lib/gcc/arm-none-eabi/11.3.1/thumb/v7e-m+dp/hard/crtn.o
OUTPUT(FLASH_SwapBank.elf elf32-littlearm)
LOAD linker stubs
LOAD C:/ST/STM32CubeIDE_1.13.2/STM32CubeIDE/plugins/com.st.stm32cube.ide.mcu.externaltools.gnu-tools-for-stm32.11.3.rel1.win32_1.1.1.202309131626/tools/bin/../lib/gcc/arm-none-eabi/11.3.1/../../../../arm-none-eabi/lib/thumb/v7e-m+dp/hard\libc.a
LOAD C:/ST/STM32CubeIDE_1.13.2/STM32CubeIDE/plugins/com.st.stm32cube.ide.mcu.externaltools.gnu-tools-for-stm32.11.3.rel1.win32_1.1.1.202309131626/tools/bin/../lib/gcc/arm-none-eabi/11.3.1/../../../../arm-none-eabi/lib/thumb/v7e-m+dp/hard\libm.a
LOAD C:/ST/STM32CubeIDE_1.13.2/STM32CubeIDE/plugins/com.st.stm32cube.ide.mcu.externaltools.gnu-tools-for-stm32.11.3.rel1.win32_1.1.1.202309131626/tools/bin/../lib/gcc/arm-none-eabi/11.3.1/thumb/v7e-m+dp/hard\libgcc.a

.comment        0x0000000000000000       0x43
 .comment       0x0000000000000000       0x43 C:/ST/STM32CubeIDE_1.13.2/STM32CubeIDE/plugins/com.st.stm32cube.ide.mcu.externaltools.gnu-tools-for-stm32.11.3.rel1.win32_1.1.1.202309131626/tools/bin/../lib/gcc/arm-none-eabi/11.3.1/thumb/v7e-m+dp/hard/crtbegin.o
                                         0x44 (size before relaxing)
 .comment       0x0000000000000043       0x44 ./Drivers/BSP/Components/mfxstm32l152.o
 .comment       0x0000000000000043       0x44 ./Drivers/BSP/Components/mfxstm32l152_reg.o
 .comment       0x0000000000000043       0x44 ./Drivers/BSP/STM32H743I-EVAL/stm32h743i_eval.o
 .comment       0x0000000000000043       0x44 ./Drivers/BSP/STM32H743I-EVAL/stm32h743i_eval_bus.o
 .comment       0x0000000000000043       0x44 ./Drivers/BSP/STM32H743I-EVAL/stm32h743i_eval_io.o
 .comment       0x0000000000000043       0x44 ./Drivers/CMSIS/system_stm32h7xx.o
 .comment       0x0000000000000043       0x44 ./Drivers/STM32H7xx_HAL_Driver/stm32h7xx_hal.o
 .comment       0x0000000000000043       0x44 ./Drivers/STM32H7xx_HAL_Driver/stm32h7xx_hal_cortex.o
 .comment       0x0000000000000043       0x44 ./Drivers/STM32H7xx_HAL_Driver/stm32h7xx_hal_exti.o
 .comment       0x0000000000000043       0x44 ./Drivers/STM32H7xx_HAL_Driver/stm32h7xx_hal_flash.o
 .comment       0x0000000000000043       0x44 ./Drivers/STM32H7xx_HAL_Driver/stm32h7xx_hal_flash_ex.o
 .comment       0x0000000000000043       0x44 ./Drivers/STM32H7xx_HAL_Driver/stm32h7xx_hal_gpio.o
 .comment       0x0000000000000043       0x44 ./Drivers/STM32H7xx_HAL_Driver/stm32h7xx_hal_i2c.o
 .comment       0x0000000000000043       0x44 ./Drivers/STM32H7xx_HAL_Driver/stm32h7xx_hal_i2c_ex.o
 .comment       0x0000000000000043       0x44 ./Drivers/STM32H7xx_HAL_Driver/stm32h7xx_hal_pwr_ex.o
 .comment       0x0000000000000043       0x44 ./Drivers/STM32H7xx_HAL_Driver/stm32h7xx_hal_rcc.o
 .comment       0x0000000000000043       0x44 ./Example/User/main.o
 .comment       0x0000000000000043       0x44 ./Example/User/stm32h7xx_it.o

.debug_info     0x0000000000000000    0x120c4
 .debug_info    0x0000000000000000     0x16d2 ./Drivers/BSP/Components/mfxstm32l152.o
 .debug_info    0x00000000000016d2      0x1e0 ./Drivers/BSP/Components/mfxstm32l152_reg.o
 .debug_info    0x00000000000018b2     0x2622 ./Drivers/BSP/STM32H743I-EVAL/stm32h743i_eval.o
 .debug_info    0x0000000000003ed4     0x1554 ./Drivers/BSP/STM32H743I-EVAL/stm32h743i_eval_bus.o
 .debug_info    0x0000000000005428     0x13d5 ./Drivers/BSP/STM32H743I-EVAL/stm32h743i_eval_io.o
 .debug_info    0x00000000000067fd      0xa40 ./Drivers/CMSIS/system_stm32h7xx.o
 .debug_info    0x000000000000723d     0x153b ./Drivers/STM32H7xx_HAL_Driver/stm32h7xx_hal.o
 .debug_info    0x0000000000008778     0x1060 ./Drivers/STM32H7xx_HAL_Driver/stm32h7xx_hal_cortex.o
 .debug_info    0x00000000000097d8      0x902 ./Drivers/STM32H7xx_HAL_Driver/stm32h7xx_hal_exti.o
 .debug_info    0x000000000000a0da      0x83d ./Drivers/STM32H7xx_HAL_Driver/stm32h7xx_hal_flash.o
 .debug_info    0x000000000000a917      0xc85 ./Drivers/STM32H7xx_HAL_Driver/stm32h7xx_hal_flash_ex.o
 .debug_info    0x000000000000b59c      0xc4b ./Drivers/STM32H7xx_HAL_Driver/stm32h7xx_hal_gpio.o
 .debug_info    0x000000000000c1e7     0x222b ./Drivers/STM32H7xx_HAL_Driver/stm32h7xx_hal_i2c.o
 .debug_info    0x000000000000e412      0xd90 ./Drivers/STM32H7xx_HAL_Driver/stm32h7xx_hal_i2c_ex.o
 .debug_info    0x000000000000f1a2     0x1008 ./Drivers/STM32H7xx_HAL_Driver/stm32h7xx_hal_pwr_ex.o
 .debug_info    0x00000000000101aa      0xe5b ./Drivers/STM32H7xx_HAL_Driver/stm32h7xx_hal_rcc.o
 .debug_info    0x0000000000011005       0x23 ./Example/Startup/startup_stm32h743xihx.o
 .debug_info    0x0000000000011028      0xf3b ./Example/User/main.o
 .debug_info    0x0000000000011f63      0x161 ./Example/User/stm32h7xx_it.o

.debug_abbrev   0x0000000000000000     0x29de
 .debug_abbrev  0x0000000000000000      0x23f ./Drivers/BSP/Components/mfxstm32l152.o
 .debug_abbrev  0x000000000000023f       0xeb ./Drivers/BSP/Components/mfxstm32l152_reg.o
 .debug_abbrev  0x000000000000032a      0x342 ./Drivers/BSP/STM32H743I-EVAL/stm32h743i_eval.o
 .debug_abbrev  0x000000000000066c      0x348 ./Drivers/BSP/STM32H743I-EVAL/stm32h743i_eval_bus.o
 .debug_abbrev  0x00000000000009b4      0x345 ./Drivers/BSP/STM32H743I-EVAL/stm32h743i_eval_io.o
 .debug_abbrev  0x0000000000000cf9      0x139 ./Drivers/CMSIS/system_stm32h7xx.o
 .debug_abbrev  0x0000000000000e32      0x295 ./Drivers/STM32H7xx_HAL_Driver/stm32h7xx_hal.o
 .debug_abbrev  0x00000000000010c7      0x339 ./Drivers/STM32H7xx_HAL_Driver/stm32h7xx_hal_cortex.o
 .debug_abbrev  0x0000000000001400      0x1d8 ./Drivers/STM32H7xx_HAL_Driver/stm32h7xx_hal_exti.o
 .debug_abbrev  0x00000000000015d8      0x278 ./Drivers/STM32H7xx_HAL_Driver/stm32h7xx_hal_flash.o
 .debug_abbrev  0x0000000000001850      0x261 ./Drivers/STM32H7xx_HAL_Driver/stm32h7xx_hal_flash_ex.o
 .debug_abbrev  0x0000000000001ab1      0x1fe ./Drivers/STM32H7xx_HAL_Driver/stm32h7xx_hal_gpio.o
 .debug_abbrev  0x0000000000001caf      0x256 ./Drivers/STM32H7xx_HAL_Driver/stm32h7xx_hal_i2c.o
 .debug_abbrev  0x0000000000001f05      0x1f5 ./Drivers/STM32H7xx_HAL_Driver/stm32h7xx_hal_i2c_ex.o
 .debug_abbrev  0x00000000000020fa      0x2a7 ./Drivers/STM32H7xx_HAL_Driver/stm32h7xx_hal_pwr_ex.o
 .debug_abbrev  0x00000000000023a1      0x2c8 ./Drivers/STM32H7xx_HAL_Driver/stm32h7xx_hal_rcc.o
 .debug_abbrev  0x0000000000002669       0x12 ./Example/Startup/startup_stm32h743xihx.o
 .debug_abbrev  0x000000000000267b      0x2c3 ./Example/User/main.o
 .debug_abbrev  0x000000000000293e       0xa0 ./Example/User/stm32h7xx_it.o

.debug_aranges  0x0000000000000000      0xef0
 .debug_aranges
                0x0000000000000000      0x1c8 ./Drivers/BSP/Components/mfxstm32l152.o
 .debug_aranges
                0x00000000000001c8       0x28 ./Drivers/BSP/Components/mfxstm32l152_reg.o
 .debug_aranges
                0x00000000000001f0      0x138 ./Drivers/BSP/STM32H743I-EVAL/stm32h743i_eval.o
 .debug_aranges
                0x0000000000000328       0x98 ./Drivers/BSP/STM32H743I-EVAL/stm32h743i_eval_bus.o
 .debug_aranges
                0x00000000000003c0       0x88 ./Drivers/BSP/STM32H743I-EVAL/stm32h743i_eval_io.o
 .debug_aranges
                0x0000000000000448       0x28 ./Drivers/CMSIS/system_stm32h7xx.o
 .debug_aranges
                0x0000000000000470      0x198 ./Drivers/STM32H7xx_HAL_Driver/stm32h7xx_hal.o
 .debug_aranges
                0x0000000000000608      0x120 ./Drivers/STM32H7xx_HAL_Driver/stm32h7xx_hal_cortex.o
 .debug_aranges
                0x0000000000000728       0x60 ./Drivers/STM32H7xx_HAL_Driver/stm32h7xx_hal_exti.o
 .debug_aranges
                0x0000000000000788       0x88 ./Drivers/STM32H7xx_HAL_Driver/stm32h7xx_hal_flash.o
 .debug_aranges
                0x0000000000000810       0xf8 ./Drivers/STM32H7xx_HAL_Driver/stm32h7xx_hal_flash_ex.o
 .debug_aranges
                0x0000000000000908       0x58 ./Drivers/STM32H7xx_HAL_Driver/stm32h7xx_hal_gpio.o
 .debug_aranges
                0x0000000000000960      0x2a0 ./Drivers/STM32H7xx_HAL_Driver/stm32h7xx_hal_i2c.o
 .debug_aranges
                0x0000000000000c00       0x48 ./Drivers/STM32H7xx_HAL_Driver/stm32h7xx_hal_i2c_ex.o
 .debug_aranges
                0x0000000000000c48      0x158 ./Drivers/STM32H7xx_HAL_Driver/stm32h7xx_hal_pwr_ex.o
 .debug_aranges
                0x0000000000000da0       0x88 ./Drivers/STM32H7xx_HAL_Driver/stm32h7xx_hal_rcc.o
 .debug_aranges
                0x0000000000000e28       0x28 ./Example/Startup/startup_stm32h743xihx.o
 .debug_aranges
                0x0000000000000e50       0x38 ./Example/User/main.o
 .debug_aranges
                0x0000000000000e88       0x68 ./Example/User/stm32h7xx_it.o

.debug_rnglists
                0x0000000000000000      0xb75
 .debug_rnglists
                0x0000000000000000      0x15a ./Drivers/BSP/Components/mfxstm32l152.o
 .debug_rnglists
                0x000000000000015a       0x19 ./Drivers/BSP/Components/mfxstm32l152_reg.o
 .debug_rnglists
                0x0000000000000173       0xf0 ./Drivers/BSP/STM32H743I-EVAL/stm32h743i_eval.o
 .debug_rnglists
                0x0000000000000263       0x90 ./Drivers/BSP/STM32H743I-EVAL/stm32h743i_eval_bus.o
 .debug_rnglists
                0x00000000000002f3       0x66 ./Drivers/BSP/STM32H743I-EVAL/stm32h743i_eval_io.o
 .debug_rnglists
                0x0000000000000359       0x1b ./Drivers/CMSIS/system_stm32h7xx.o
 .debug_rnglists
                0x0000000000000374      0x131 ./Drivers/STM32H7xx_HAL_Driver/stm32h7xx_hal.o
 .debug_rnglists
                0x00000000000004a5       0xd4 ./Drivers/STM32H7xx_HAL_Driver/stm32h7xx_hal_cortex.o
 .debug_rnglists
                0x0000000000000579       0x46 ./Drivers/STM32H7xx_HAL_Driver/stm32h7xx_hal_exti.o
 .debug_rnglists
                0x00000000000005bf       0x66 ./Drivers/STM32H7xx_HAL_Driver/stm32h7xx_hal_flash.o
 .debug_rnglists
                0x0000000000000625       0xbe ./Drivers/STM32H7xx_HAL_Driver/stm32h7xx_hal_flash_ex.o
 .debug_rnglists
                0x00000000000006e3       0x3f ./Drivers/STM32H7xx_HAL_Driver/stm32h7xx_hal_gpio.o
 .debug_rnglists
                0x0000000000000722      0x22a ./Drivers/STM32H7xx_HAL_Driver/stm32h7xx_hal_i2c.o
 .debug_rnglists
                0x000000000000094c       0x35 ./Drivers/STM32H7xx_HAL_Driver/stm32h7xx_hal_i2c_ex.o
 .debug_rnglists
                0x0000000000000981      0x102 ./Drivers/STM32H7xx_HAL_Driver/stm32h7xx_hal_pwr_ex.o
 .debug_rnglists
                0x0000000000000a83       0x68 ./Drivers/STM32H7xx_HAL_Driver/stm32h7xx_hal_rcc.o
 .debug_rnglists
                0x0000000000000aeb       0x19 ./Example/Startup/startup_stm32h743xihx.o
 .debug_rnglists
                0x0000000000000b04       0x28 ./Example/User/main.o
 .debug_rnglists
                0x0000000000000b2c       0x49 ./Example/User/stm32h7xx_it.o

.debug_macro    0x0000000000000000    0x39aee
 .debug_macro   0x0000000000000000       0x8a ./Drivers/BSP/Components/mfxstm32l152.o
 .debug_macro   0x000000000000008a      0xad2 ./Drivers/BSP/Components/mfxstm32l152.o
 .debug_macro   0x0000000000000b5c       0x22 ./Drivers/BSP/Components/mfxstm32l152.o
 .debug_macro   0x0000000000000b7e       0x8e ./Drivers/BSP/Components/mfxstm32l152.o
 .debug_macro   0x0000000000000c0c       0x51 ./Drivers/BSP/Components/mfxstm32l152.o
 .debug_macro   0x0000000000000c5d      0x103 ./Drivers/BSP/Components/mfxstm32l152.o
 .debug_macro   0x0000000000000d60       0x6a ./Drivers/BSP/Components/mfxstm32l152.o
 .debug_macro   0x0000000000000dca      0x1df ./Drivers/BSP/Components/mfxstm32l152.o
 .debug_macro   0x0000000000000fa9      0x234 ./Drivers/BSP/Components/mfxstm32l152.o
 .debug_macro   0x00000000000011dd      0x174 ./Drivers/BSP/Components/mfxstm32l152.o
 .debug_macro   0x0000000000001351      0x2f1 ./Drivers/BSP/Components/mfxstm32l152.o
 .debug_macro   0x0000000000001642       0x72 ./Drivers/BSP/Components/mfxstm32l152_reg.o
 .debug_macro   0x00000000000016b4      0x35b ./Drivers/BSP/STM32H743I-EVAL/stm32h743i_eval.o
 .debug_macro   0x0000000000001a0f       0xf8 ./Drivers/BSP/STM32H743I-EVAL/stm32h743i_eval.o
 .debug_macro   0x0000000000001b07       0x2e ./Drivers/BSP/STM32H743I-EVAL/stm32h743i_eval.o
 .debug_macro   0x0000000000001b35       0x3b ./Drivers/BSP/STM32H743I-EVAL/stm32h743i_eval.o
 .debug_macro   0x0000000000001b70       0x1c ./Drivers/BSP/STM32H743I-EVAL/stm32h743i_eval.o
 .debug_macro   0x0000000000001b8c       0x22 ./Drivers/BSP/STM32H743I-EVAL/stm32h743i_eval.o
 .debug_macro   0x0000000000001bae     0x1305 ./Drivers/BSP/STM32H743I-EVAL/stm32h743i_eval.o
 .debug_macro   0x0000000000002eb3      0x11f ./Drivers/BSP/STM32H743I-EVAL/stm32h743i_eval.o
 .debug_macro   0x0000000000002fd2       0x27 ./Drivers/BSP/STM32H743I-EVAL/stm32h743i_eval.o
 .debug_macro   0x0000000000002ff9    0x25882 ./Drivers/BSP/STM32H743I-EVAL/stm32h743i_eval.o
 .debug_macro   0x000000000002887b       0x6d ./Drivers/BSP/STM32H743I-EVAL/stm32h743i_eval.o
 .debug_macro   0x00000000000288e8     0x3d5d ./Drivers/BSP/STM32H743I-EVAL/stm32h743i_eval.o
 .debug_macro   0x000000000002c645       0x61 ./Drivers/BSP/STM32H743I-EVAL/stm32h743i_eval.o
 .debug_macro   0x000000000002c6a6       0x29 ./Drivers/BSP/STM32H743I-EVAL/stm32h743i_eval.o
 .debug_macro   0x000000000002c6cf       0x43 ./Drivers/BSP/STM32H743I-EVAL/stm32h743i_eval.o
 .debug_macro   0x000000000002c712       0x34 ./Drivers/BSP/STM32H743I-EVAL/stm32h743i_eval.o
 .debug_macro   0x000000000002c746       0x16 ./Drivers/BSP/STM32H743I-EVAL/stm32h743i_eval.o
 .debug_macro   0x000000000002c75c       0x43 ./Drivers/BSP/STM32H743I-EVAL/stm32h743i_eval.o
 .debug_macro   0x000000000002c79f       0x34 ./Drivers/BSP/STM32H743I-EVAL/stm32h743i_eval.o
 .debug_macro   0x000000000002c7d3       0x10 ./Drivers/BSP/STM32H743I-EVAL/stm32h743i_eval.o
 .debug_macro   0x000000000002c7e3       0x58 ./Drivers/BSP/STM32H743I-EVAL/stm32h743i_eval.o
 .debug_macro   0x000000000002c83b       0x8e ./Drivers/BSP/STM32H743I-EVAL/stm32h743i_eval.o
 .debug_macro   0x000000000002c8c9       0x1c ./Drivers/BSP/STM32H743I-EVAL/stm32h743i_eval.o
 .debug_macro   0x000000000002c8e5      0x177 ./Drivers/BSP/STM32H743I-EVAL/stm32h743i_eval.o
 .debug_macro   0x000000000002ca5c      0x369 ./Drivers/BSP/STM32H743I-EVAL/stm32h743i_eval.o
 .debug_macro   0x000000000002cdc5      0x19b ./Drivers/BSP/STM32H743I-EVAL/stm32h743i_eval.o
 .debug_macro   0x000000000002cf60       0x5d ./Drivers/BSP/STM32H743I-EVAL/stm32h743i_eval.o
 .debug_macro   0x000000000002cfbd     0x2382 ./Drivers/BSP/STM32H743I-EVAL/stm32h743i_eval.o
 .debug_macro   0x000000000002f33f     0x102c ./Drivers/BSP/STM32H743I-EVAL/stm32h743i_eval.o
 .debug_macro   0x000000000003036b      0x154 ./Drivers/BSP/STM32H743I-EVAL/stm32h743i_eval.o
 .debug_macro   0x00000000000304bf      0x114 ./Drivers/BSP/STM32H743I-EVAL/stm32h743i_eval.o
 .debug_macro   0x00000000000305d3      0x3b2 ./Drivers/BSP/STM32H743I-EVAL/stm32h743i_eval.o
 .debug_macro   0x0000000000030985       0xac ./Drivers/BSP/STM32H743I-EVAL/stm32h743i_eval.o
 .debug_macro   0x0000000000030a31      0x72d ./Drivers/BSP/STM32H743I-EVAL/stm32h743i_eval.o
 .debug_macro   0x000000000003115e      0x228 ./Drivers/BSP/STM32H743I-EVAL/stm32h743i_eval.o
 .debug_macro   0x0000000000031386       0x66 ./Drivers/BSP/STM32H743I-EVAL/stm32h743i_eval.o
 .debug_macro   0x00000000000313ec      0x3bb ./Drivers/BSP/STM32H743I-EVAL/stm32h743i_eval.o
 .debug_macro   0x00000000000317a7      0x28d ./Drivers/BSP/STM32H743I-EVAL/stm32h743i_eval.o
 .debug_macro   0x0000000000031a34      0x3e4 ./Drivers/BSP/STM32H743I-EVAL/stm32h743i_eval.o
 .debug_macro   0x0000000000031e18      0x275 ./Drivers/BSP/STM32H743I-EVAL/stm32h743i_eval.o
 .debug_macro   0x000000000003208d     0x1044 ./Drivers/BSP/STM32H743I-EVAL/stm32h743i_eval.o
 .debug_macro   0x00000000000330d1      0x6cc ./Drivers/BSP/STM32H743I-EVAL/stm32h743i_eval.o
 .debug_macro   0x000000000003379d      0x36e ./Drivers/BSP/STM32H743I-EVAL/stm32h743i_eval.o
 .debug_macro   0x0000000000033b0b      0x3ca ./Drivers/BSP/STM32H743I-EVAL/stm32h743i_eval.o
 .debug_macro   0x0000000000033ed5      0x408 ./Drivers/BSP/STM32H743I-EVAL/stm32h743i_eval.o
 .debug_macro   0x00000000000342dd       0x51 ./Drivers/BSP/STM32H743I-EVAL/stm32h743i_eval.o
 .debug_macro   0x000000000003432e      0x22c ./Drivers/BSP/STM32H743I-EVAL/stm32h743i_eval.o
 .debug_macro   0x000000000003455a       0x67 ./Drivers/BSP/STM32H743I-EVAL/stm32h743i_eval.o
 .debug_macro   0x00000000000345c1       0xa5 ./Drivers/BSP/STM32H743I-EVAL/stm32h743i_eval.o
 .debug_macro   0x0000000000034666      0x198 ./Drivers/BSP/STM32H743I-EVAL/stm32h743i_eval.o
 .debug_macro   0x00000000000347fe       0xd6 ./Drivers/BSP/STM32H743I-EVAL/stm32h743i_eval.o
 .debug_macro   0x00000000000348d4      0x1c4 ./Drivers/BSP/STM32H743I-EVAL/stm32h743i_eval.o
 .debug_macro   0x0000000000034a98      0x25e ./Drivers/BSP/STM32H743I-EVAL/stm32h743i_eval.o
 .debug_macro   0x0000000000034cf6       0x35 ./Drivers/BSP/STM32H743I-EVAL/stm32h743i_eval.o
 .debug_macro   0x0000000000034d2b      0x512 ./Drivers/BSP/STM32H743I-EVAL/stm32h743i_eval.o
 .debug_macro   0x000000000003523d      0x693 ./Drivers/BSP/STM32H743I-EVAL/stm32h743i_eval.o
 .debug_macro   0x00000000000358d0       0xa6 ./Drivers/BSP/STM32H743I-EVAL/stm32h743i_eval.o
 .debug_macro   0x0000000000035976      0x359 ./Drivers/BSP/STM32H743I-EVAL/stm32h743i_eval.o
 .debug_macro   0x0000000000035ccf       0xb9 ./Drivers/BSP/STM32H743I-EVAL/stm32h743i_eval.o
 .debug_macro   0x0000000000035d88      0x5a0 ./Drivers/BSP/STM32H743I-EVAL/stm32h743i_eval.o
 .debug_macro   0x0000000000036328       0xa0 ./Drivers/BSP/STM32H743I-EVAL/stm32h743i_eval.o
 .debug_macro   0x00000000000363c8       0xa0 ./Drivers/BSP/STM32H743I-EVAL/stm32h743i_eval.o
 .debug_macro   0x0000000000036468      0x1f5 ./Drivers/BSP/STM32H743I-EVAL/stm32h743i_eval.o
 .debug_macro   0x000000000003665d      0x23a ./Drivers/BSP/STM32H743I-EVAL/stm32h743i_eval.o
 .debug_macro   0x0000000000036897      0x147 ./Drivers/BSP/STM32H743I-EVAL/stm32h743i_eval.o
 .debug_macro   0x00000000000369de      0x37a ./Drivers/BSP/STM32H743I-EVAL/stm32h743i_eval_bus.o
 .debug_macro   0x0000000000036d58       0x64 ./Drivers/BSP/STM32H743I-EVAL/stm32h743i_eval_bus.o
 .debug_macro   0x0000000000036dbc      0x355 ./Drivers/BSP/STM32H743I-EVAL/stm32h743i_eval_io.o
 .debug_macro   0x0000000000037111       0x6a ./Drivers/BSP/STM32H743I-EVAL/stm32h743i_eval_io.o
 .debug_macro   0x000000000003717b      0x305 ./Drivers/CMSIS/system_stm32h7xx.o
 .debug_macro   0x0000000000037480      0x329 ./Drivers/STM32H7xx_HAL_Driver/stm32h7xx_hal.o
 .debug_macro   0x00000000000377a9      0x2ff ./Drivers/STM32H7xx_HAL_Driver/stm32h7xx_hal_cortex.o
 .debug_macro   0x0000000000037aa8      0x30d ./Drivers/STM32H7xx_HAL_Driver/stm32h7xx_hal_exti.o
 .debug_macro   0x0000000000037db5      0x305 ./Drivers/STM32H7xx_HAL_Driver/stm32h7xx_hal_flash.o
 .debug_macro   0x00000000000380ba      0x305 ./Drivers/STM32H7xx_HAL_Driver/stm32h7xx_hal_flash_ex.o
 .debug_macro   0x00000000000383bf      0x306 ./Drivers/STM32H7xx_HAL_Driver/stm32h7xx_hal_gpio.o
 .debug_macro   0x00000000000386c5      0x3cb ./Drivers/STM32H7xx_HAL_Driver/stm32h7xx_hal_i2c.o
 .debug_macro   0x0000000000038a90      0x2ff ./Drivers/STM32H7xx_HAL_Driver/stm32h7xx_hal_i2c_ex.o
 .debug_macro   0x0000000000038d8f      0x338 ./Drivers/STM32H7xx_HAL_Driver/stm32h7xx_hal_pwr_ex.o
 .debug_macro   0x00000000000390c7      0x323 ./Drivers/STM32H7xx_HAL_Driver/stm32h7xx_hal_rcc.o
 .debug_macro   0x00000000000393ea      0x32a ./Example/User/main.o
 .debug_macro   0x0000000000039714       0xa6 ./Example/User/main.o
 .debug_macro   0x00000000000397ba      0x334 ./Example/User/stm32h7xx_it.o

.debug_line     0x0000000000000000    0x13986
 .debug_line    0x0000000000000000     0x10dd ./Drivers/BSP/Components/mfxstm32l152.o
 .debug_line    0x00000000000010dd      0x49d ./Drivers/BSP/Components/mfxstm32l152_reg.o
 .debug_line    0x000000000000157a     0x12bd ./Drivers/BSP/STM32H743I-EVAL/stm32h743i_eval.o
 .debug_line    0x0000000000002837      0xf43 ./Drivers/BSP/STM32H743I-EVAL/stm32h743i_eval_bus.o
 .debug_line    0x000000000000377a      0xe96 ./Drivers/BSP/STM32H743I-EVAL/stm32h743i_eval_io.o
 .debug_line    0x0000000000004610      0xbd1 ./Drivers/CMSIS/system_stm32h7xx.o
 .debug_line    0x00000000000051e1      0xfb3 ./Drivers/STM32H7xx_HAL_Driver/stm32h7xx_hal.o
 .debug_line    0x0000000000006194      0xfbc ./Drivers/STM32H7xx_HAL_Driver/stm32h7xx_hal_cortex.o
 .debug_line    0x0000000000007150      0xe8e ./Drivers/STM32H7xx_HAL_Driver/stm32h7xx_hal_exti.o
 .debug_line    0x0000000000007fde      0xf5d ./Drivers/STM32H7xx_HAL_Driver/stm32h7xx_hal_flash.o
 .debug_line    0x0000000000008f3b     0x1287 ./Drivers/STM32H7xx_HAL_Driver/stm32h7xx_hal_flash_ex.o
 .debug_line    0x000000000000a1c2      0xe79 ./Drivers/STM32H7xx_HAL_Driver/stm32h7xx_hal_gpio.o
 .debug_line    0x000000000000b03b     0x3da9 ./Drivers/STM32H7xx_HAL_Driver/stm32h7xx_hal_i2c.o
 .debug_line    0x000000000000ede4      0xc26 ./Drivers/STM32H7xx_HAL_Driver/stm32h7xx_hal_i2c_ex.o
 .debug_line    0x000000000000fa0a     0x10d0 ./Drivers/STM32H7xx_HAL_Driver/stm32h7xx_hal_pwr_ex.o
 .debug_line    0x0000000000010ada     0x1586 ./Drivers/STM32H7xx_HAL_Driver/stm32h7xx_hal_rcc.o
 .debug_line    0x0000000000012060       0x7a ./Example/Startup/startup_stm32h743xihx.o
 .debug_line    0x00000000000120da      0xd24 ./Example/User/main.o
 .debug_line    0x0000000000012dfe      0xb88 ./Example/User/stm32h7xx_it.o

.debug_str      0x0000000000000000   0x1766ea
 .debug_str     0x0000000000000000     0x64b8 ./Drivers/BSP/Components/mfxstm32l152.o
                                       0x68c0 (size before relaxing)
 .debug_str     0x00000000000064b8       0x7b ./Drivers/BSP/Components/mfxstm32l152_reg.o
                                       0x4bd1 (size before relaxing)
 .debug_str     0x0000000000006533   0x16bf30 ./Drivers/BSP/STM32H743I-EVAL/stm32h743i_eval.o
                                     0x172287 (size before relaxing)
 .debug_str     0x0000000000172463      0xa14 ./Drivers/BSP/STM32H743I-EVAL/stm32h743i_eval_bus.o
                                     0x16e7ff (size before relaxing)
 .debug_str     0x0000000000172e77      0x196 ./Drivers/BSP/STM32H743I-EVAL/stm32h743i_eval_io.o
                                     0x170dc4 (size before relaxing)
 .debug_str     0x000000000017300d      0x287 ./Drivers/CMSIS/system_stm32h7xx.o
                                     0x16d5d3 (size before relaxing)
 .debug_str     0x0000000000173294      0x8ba ./Drivers/STM32H7xx_HAL_Driver/stm32h7xx_hal.o
                                     0x16e5d8 (size before relaxing)
 .debug_str     0x0000000000173b4e      0x35c ./Drivers/STM32H7xx_HAL_Driver/stm32h7xx_hal_cortex.o
                                     0x16dfdb (size before relaxing)
 .debug_str     0x0000000000173eaa      0x1b9 ./Drivers/STM32H7xx_HAL_Driver/stm32h7xx_hal_exti.o
                                     0x16d4d3 (size before relaxing)
 .debug_str     0x0000000000174063      0x4ae ./Drivers/STM32H7xx_HAL_Driver/stm32h7xx_hal_flash.o
                                     0x16d6a6 (size before relaxing)
 .debug_str     0x0000000000174511      0x48a ./Drivers/STM32H7xx_HAL_Driver/stm32h7xx_hal_flash_ex.o
                                     0x16d956 (size before relaxing)
 .debug_str     0x000000000017499b      0x102 ./Drivers/STM32H7xx_HAL_Driver/stm32h7xx_hal_gpio.o
                                     0x16d679 (size before relaxing)
 .debug_str     0x0000000000174a9d      0xe1e ./Drivers/STM32H7xx_HAL_Driver/stm32h7xx_hal_i2c.o
                                     0x16e71d (size before relaxing)
 .debug_str     0x00000000001758bb       0xf2 ./Drivers/STM32H7xx_HAL_Driver/stm32h7xx_hal_i2c_ex.o
                                     0x16dae8 (size before relaxing)
 .debug_str     0x00000000001759ad      0x6b4 ./Drivers/STM32H7xx_HAL_Driver/stm32h7xx_hal_pwr_ex.o
                                     0x16db3a (size before relaxing)
 .debug_str     0x0000000000176061      0x405 ./Drivers/STM32H7xx_HAL_Driver/stm32h7xx_hal_rcc.o
                                     0x16da5d (size before relaxing)
 .debug_str     0x0000000000176466       0x37 ./Example/Startup/startup_stm32h743xihx.o
                                         0xd3 (size before relaxing)
 .debug_str     0x000000000017649d      0x10f ./Example/User/main.o
                                     0x16ea87 (size before relaxing)
 .debug_str     0x00000000001765ac      0x13e ./Example/User/stm32h7xx_it.o
                                     0x16e36f (size before relaxing)

.debug_frame    0x0000000000000000     0x3cc8
 .debug_frame   0x0000000000000000      0x7cc ./Drivers/BSP/Components/mfxstm32l152.o
 .debug_frame   0x00000000000007cc       0x60 ./Drivers/BSP/Components/mfxstm32l152_reg.o
 .debug_frame   0x000000000000082c      0x508 ./Drivers/BSP/STM32H743I-EVAL/stm32h743i_eval.o
 .debug_frame   0x0000000000000d34      0x250 ./Drivers/BSP/STM32H743I-EVAL/stm32h743i_eval_bus.o
 .debug_frame   0x0000000000000f84      0x204 ./Drivers/BSP/STM32H743I-EVAL/stm32h743i_eval_io.o
 .debug_frame   0x0000000000001188       0x58 ./Drivers/CMSIS/system_stm32h7xx.o
 .debug_frame   0x00000000000011e0      0x690 ./Drivers/STM32H7xx_HAL_Driver/stm32h7xx_hal.o
 .debug_frame   0x0000000000001870      0x4b8 ./Drivers/STM32H7xx_HAL_Driver/stm32h7xx_hal_cortex.o
 .debug_frame   0x0000000000001d28      0x174 ./Drivers/STM32H7xx_HAL_Driver/stm32h7xx_hal_exti.o
 .debug_frame   0x0000000000001e9c      0x200 ./Drivers/STM32H7xx_HAL_Driver/stm32h7xx_hal_flash.o
 .debug_frame   0x000000000000209c      0x434 ./Drivers/STM32H7xx_HAL_Driver/stm32h7xx_hal_flash_ex.o
 .debug_frame   0x00000000000024d0      0x14c ./Drivers/STM32H7xx_HAL_Driver/stm32h7xx_hal_gpio.o
 .debug_frame   0x000000000000261c      0xc40 ./Drivers/STM32H7xx_HAL_Driver/stm32h7xx_hal_i2c.o
 .debug_frame   0x000000000000325c      0x100 ./Drivers/STM32H7xx_HAL_Driver/stm32h7xx_hal_i2c_ex.o
 .debug_frame   0x000000000000335c      0x580 ./Drivers/STM32H7xx_HAL_Driver/stm32h7xx_hal_pwr_ex.o
 .debug_frame   0x00000000000038dc      0x1f8 ./Drivers/STM32H7xx_HAL_Driver/stm32h7xx_hal_rcc.o
 .debug_frame   0x0000000000003ad4       0xa0 ./Example/User/main.o
 .debug_frame   0x0000000000003b74      0x128 ./Example/User/stm32h7xx_it.o
 .debug_frame   0x0000000000003c9c       0x2c C:/ST/STM32CubeIDE_1.13.2/STM32CubeIDE/plugins/com.st.stm32cube.ide.mcu.externaltools.gnu-tools-for-stm32.11.3.rel1.win32_1.1.1.202309131626/tools/bin/../lib/gcc/arm-none-eabi/11.3.1/../../../../arm-none-eabi/lib/thumb/v7e-m+dp/hard\libc_nano.a(libc_a-init.o)

.debug_line_str
                0x0000000000000000       0xc7
 .debug_line_str
                0x0000000000000000       0xc7 ./Example/Startup/startup_stm32h743xihx.o
                                         0xdf (size before relaxing)
