../Drivers/BSP/STM32H743I-EVAL/stm32h743i_eval.c:160:9:BSP_GetVersion	0	static
../Drivers/BSP/STM32H743I-EVAL/stm32h743i_eval.c:169:16:BSP_GetBoardName	0	static
../Drivers/BSP/STM32H743I-EVAL/stm32h743i_eval.c:178:16:BSP_GetBoardID	0	static
../Drivers/BSP/STM32H743I-EVAL/stm32h743i_eval.c:193:9:BSP_LED_Init	56	static
../Drivers/BSP/STM32H743I-EVAL/stm32h743i_eval.c:256:9:BSP_LED_DeInit	40	static
../Drivers/BSP/STM32H743I-EVAL/stm32h743i_eval.c:302:9:BSP_LED_On	8	static
../Drivers/BSP/STM32H743I-EVAL/stm32h743i_eval.c:329:9:BSP_LED_Off	8	static
../Drivers/BSP/STM32H743I-EVAL/stm32h743i_eval.c:357:9:BSP_LED_Toggle	8	static
../Drivers/BSP/STM32H743I-EVAL/stm32h743i_eval.c:385:9:BSP_LED_GetState	8	static
../Drivers/BSP/STM32H743I-EVAL/stm32h743i_eval.c:420:9:BSP_PB_Init	56	static
../Drivers/BSP/STM32H743I-EVAL/stm32h743i_eval.c:494:9:BSP_PB_DeInit	16	static
../Drivers/BSP/STM32H743I-EVAL/stm32h743i_eval.c:514:9:BSP_PB_GetState	8	static
../Drivers/BSP/STM32H743I-EVAL/stm32h743i_eval.c:524:6:BSP_PB_IRQHandler	0	static
../Drivers/BSP/STM32H743I-EVAL/stm32h743i_eval.c:534:13:BSP_PB_Callback	0	static
../Drivers/BSP/STM32H743I-EVAL/stm32h743i_eval.c:1215:13:BUTTON_USER_EXTI_Callback	8	static
../Drivers/BSP/STM32H743I-EVAL/stm32h743i_eval.c:1206:13:BUTTON_TAMPER_EXTI_Callback	8	static
../Drivers/BSP/STM32H743I-EVAL/stm32h743i_eval.c:1197:13:BUTTON_WAKEUP_EXTI_Callback	8	static
../Drivers/BSP/STM32H743I-EVAL/stm32h743i_eval.c:593:9:BSP_COM_DeInit	8	static
../Drivers/BSP/STM32H743I-EVAL/stm32h743i_eval.c:623:26:MX_USART1_Init	0	static
../Drivers/BSP/STM32H743I-EVAL/stm32h743i_eval.c:551:9:BSP_COM_Init	48	static
../Drivers/BSP/STM32H743I-EVAL/stm32h743i_eval.c:720:9:BSP_COM_SelectLogPort	0	static
../Drivers/BSP/STM32H743I-EVAL/stm32h743i_eval.c:730:5:__io_putchar	24	static
../Drivers/BSP/STM32H743I-EVAL/stm32h743i_eval.c:789:9:BSP_POT_DeInit	8	static
../Drivers/BSP/STM32H743I-EVAL/stm32h743i_eval.c:817:9:BSP_POT_GetLevel	8	static
../Drivers/BSP/STM32H743I-EVAL/stm32h743i_eval.c:847:26:MX_ADC1_Init	48	static
../Drivers/BSP/STM32H743I-EVAL/stm32h743i_eval.c:747:9:BSP_POT_Init	40	static
../Drivers/BSP/STM32H743I-EVAL/stm32h743i_eval.c:981:9:BSP_JOY_Init	32	static
../Drivers/BSP/STM32H743I-EVAL/stm32h743i_eval.c:1043:9:BSP_JOY_DeInit	24	static
../Drivers/BSP/STM32H743I-EVAL/stm32h743i_eval.c:1099:9:BSP_JOY_GetState	8	static
../Drivers/BSP/STM32H743I-EVAL/stm32h743i_eval.c:1155:6:BSP_JOY_IRQHandler	0	static
../Drivers/BSP/STM32H743I-EVAL/stm32h743i_eval.c:1176:13:BSP_JOY_Callback	0	static
../Drivers/BSP/STM32H743I-EVAL/stm32h743i_eval.c:1329:13:JOY1_EXTI_Callback	8	static
