../Drivers/BSP/STM32H743I-EVAL/stm32h743i_eval_audio.c:3544:16:WM8994_Probe	40	static
../Drivers/BSP/STM32H743I-EVAL/stm32h743i_eval_audio.c:3658:13:SAI_MspInit	104	static
../Drivers/BSP/STM32H743I-EVAL/stm32h743i_eval_audio.c:3866:13:SAI_MspDeInit	8	static
../Drivers/BSP/STM32H743I-EVAL/stm32h743i_eval_audio.c:3638:13:SAI_InitMXConfigStruct.constprop	0	static
../Drivers/BSP/STM32H743I-EVAL/stm32h743i_eval_audio.c:475:9:BSP_AUDIO_OUT_DeInit	16	static
../Drivers/BSP/STM32H743I-EVAL/stm32h743i_eval_audio.c:516:26:MX_SAI1_Block_A_Init	8	static
../Drivers/BSP/STM32H743I-EVAL/stm32h743i_eval_audio.c:576:26:MX_SAI1_ClockConfig	200	static
../Drivers/BSP/STM32H743I-EVAL/stm32h743i_eval_audio.c:308:9:BSP_AUDIO_OUT_Init	88	static
../Drivers/BSP/STM32H743I-EVAL/stm32h743i_eval_audio.c:618:26:MX_SAI4_ClockConfig	200	static
../Drivers/BSP/STM32H743I-EVAL/stm32h743i_eval_audio.c:735:9:BSP_AUDIO_OUT_Play	16	static
../Drivers/BSP/STM32H743I-EVAL/stm32h743i_eval_audio.c:780:9:BSP_AUDIO_OUT_Pause	8	static
../Drivers/BSP/STM32H743I-EVAL/stm32h743i_eval_audio.c:823:9:BSP_AUDIO_OUT_Resume	8	static
../Drivers/BSP/STM32H743I-EVAL/stm32h743i_eval_audio.c:862:9:BSP_AUDIO_OUT_Stop	8	static
../Drivers/BSP/STM32H743I-EVAL/stm32h743i_eval_audio.c:907:9:BSP_AUDIO_OUT_SetVolume	8	static
../Drivers/BSP/STM32H743I-EVAL/stm32h743i_eval_audio.c:945:9:BSP_AUDIO_OUT_GetVolume	0	static
../Drivers/BSP/STM32H743I-EVAL/stm32h743i_eval_audio.c:966:9:BSP_AUDIO_OUT_Mute	8	static
../Drivers/BSP/STM32H743I-EVAL/stm32h743i_eval_audio.c:996:9:BSP_AUDIO_OUT_UnMute	8	static
../Drivers/BSP/STM32H743I-EVAL/stm32h743i_eval_audio.c:1027:9:BSP_AUDIO_OUT_IsMute	0	static
../Drivers/BSP/STM32H743I-EVAL/stm32h743i_eval_audio.c:1050:9:BSP_AUDIO_OUT_SetDevice	64	static
../Drivers/BSP/STM32H743I-EVAL/stm32h743i_eval_audio.c:1129:9:BSP_AUDIO_OUT_GetDevice	0	static
../Drivers/BSP/STM32H743I-EVAL/stm32h743i_eval_audio.c:1154:9:BSP_AUDIO_OUT_SetSampleRate	72	static
../Drivers/BSP/STM32H743I-EVAL/stm32h743i_eval_audio.c:1226:9:BSP_AUDIO_OUT_GetSampleRate	0	static
../Drivers/BSP/STM32H743I-EVAL/stm32h743i_eval_audio.c:1248:9:BSP_AUDIO_OUT_SetBitsPerSample	64	static
../Drivers/BSP/STM32H743I-EVAL/stm32h743i_eval_audio.c:1331:9:BSP_AUDIO_OUT_GetBitsPerSample	0	static
../Drivers/BSP/STM32H743I-EVAL/stm32h743i_eval_audio.c:1355:9:BSP_AUDIO_OUT_SetChannelsNbr	64	static
../Drivers/BSP/STM32H743I-EVAL/stm32h743i_eval_audio.c:1418:9:BSP_AUDIO_OUT_GetChannelsNbr	0	static
../Drivers/BSP/STM32H743I-EVAL/stm32h743i_eval_audio.c:1442:9:BSP_AUDIO_OUT_GetState	0	static
../Drivers/BSP/STM32H743I-EVAL/stm32h743i_eval_audio.c:1465:6:BSP_AUDIO_OUT_IRQHandler	0	static
../Drivers/BSP/STM32H743I-EVAL/stm32h743i_eval_audio.c:1528:13:BSP_AUDIO_OUT_TransferComplete_CallBack	0	static
../Drivers/BSP/STM32H743I-EVAL/stm32h743i_eval_audio.c:1479:6:HAL_SAI_TxCpltCallback	8	static
../Drivers/BSP/STM32H743I-EVAL/stm32h743i_eval_audio.c:1539:13:BSP_AUDIO_OUT_HalfTransfer_CallBack	0	static
../Drivers/BSP/STM32H743I-EVAL/stm32h743i_eval_audio.c:1494:6:HAL_SAI_TxHalfCpltCallback	8	static
../Drivers/BSP/STM32H743I-EVAL/stm32h743i_eval_audio.c:1550:13:BSP_AUDIO_OUT_Error_CallBack	0	static
../Drivers/BSP/STM32H743I-EVAL/stm32h743i_eval_audio.c:1867:9:BSP_AUDIO_IN_DeInit	32	static
../Drivers/BSP/STM32H743I-EVAL/stm32h743i_eval_audio.c:1979:26:MX_DFSDM1_ClockConfig	0	static
../Drivers/BSP/STM32H743I-EVAL/stm32h743i_eval_audio.c:2027:26:MX_DFSDM1_Init	24	static
../Drivers/BSP/STM32H743I-EVAL/stm32h743i_eval_audio.c:2084:26:MX_SAI1_Block_B_Init	8	static
../Drivers/BSP/STM32H743I-EVAL/stm32h743i_eval_audio.c:2140:26:MX_SAI4_Block_A_Init	16	static
../Drivers/BSP/STM32H743I-EVAL/stm32h743i_eval_audio.c:2364:9:BSP_AUDIO_IN_PDMToPCM_Init	48	static
../Drivers/BSP/STM32H743I-EVAL/stm32h743i_eval_audio.c:1573:9:BSP_AUDIO_IN_Init	176	static,ignoring_inline_asm
../Drivers/BSP/STM32H743I-EVAL/stm32h743i_eval_audio.c:2405:9:BSP_AUDIO_IN_PDMToPCM	24	static
../Drivers/BSP/STM32H743I-EVAL/stm32h743i_eval_audio.c:2431:9:BSP_AUDIO_IN_Record	24	static,ignoring_inline_asm
../Drivers/BSP/STM32H743I-EVAL/stm32h743i_eval_audio.c:2499:9:BSP_AUDIO_IN_Stop	16	static,ignoring_inline_asm
../Drivers/BSP/STM32H743I-EVAL/stm32h743i_eval_audio.c:2557:9:BSP_AUDIO_IN_Pause	16	static,ignoring_inline_asm
../Drivers/BSP/STM32H743I-EVAL/stm32h743i_eval_audio.c:2614:9:BSP_AUDIO_IN_Resume	16	static,ignoring_inline_asm
../Drivers/BSP/STM32H743I-EVAL/stm32h743i_eval_audio.c:2676:9:BSP_AUDIO_IN_RecordChannels	56	static,ignoring_inline_asm
../Drivers/BSP/STM32H743I-EVAL/stm32h743i_eval_audio.c:2759:9:BSP_AUDIO_IN_PauseChannels	32	static,ignoring_inline_asm
../Drivers/BSP/STM32H743I-EVAL/stm32h743i_eval_audio.c:2736:9:BSP_AUDIO_IN_StopChannels	8	static
../Drivers/BSP/STM32H743I-EVAL/stm32h743i_eval_audio.c:2801:9:BSP_AUDIO_IN_ResumeChannels	32	static,ignoring_inline_asm
../Drivers/BSP/STM32H743I-EVAL/stm32h743i_eval_audio.c:2844:9:BSP_AUDIO_IN_RecordPDM	8	static
../Drivers/BSP/STM32H743I-EVAL/stm32h743i_eval_audio.c:2872:9:BSP_AUDIO_IN_SetDevice	40	static
../Drivers/BSP/STM32H743I-EVAL/stm32h743i_eval_audio.c:2923:9:BSP_AUDIO_IN_GetDevice	0	static
../Drivers/BSP/STM32H743I-EVAL/stm32h743i_eval_audio.c:2945:9:BSP_AUDIO_IN_SetSampleRate	40	static
../Drivers/BSP/STM32H743I-EVAL/stm32h743i_eval_audio.c:2999:9:BSP_AUDIO_IN_GetSampleRate	0	static
../Drivers/BSP/STM32H743I-EVAL/stm32h743i_eval_audio.c:3023:9:BSP_AUDIO_IN_SetBitsPerSample	40	static
../Drivers/BSP/STM32H743I-EVAL/stm32h743i_eval_audio.c:3073:9:BSP_AUDIO_IN_GetBitsPerSample	0	static
../Drivers/BSP/STM32H743I-EVAL/stm32h743i_eval_audio.c:3095:9:BSP_AUDIO_IN_SetChannelsNbr	0	static
../Drivers/BSP/STM32H743I-EVAL/stm32h743i_eval_audio.c:3118:9:BSP_AUDIO_IN_GetChannelsNbr	0	static
../Drivers/BSP/STM32H743I-EVAL/stm32h743i_eval_audio.c:3140:9:BSP_AUDIO_IN_SetVolume	16	static
../Drivers/BSP/STM32H743I-EVAL/stm32h743i_eval_audio.c:3167:9:BSP_AUDIO_IN_GetVolume	0	static
../Drivers/BSP/STM32H743I-EVAL/stm32h743i_eval_audio.c:3190:9:BSP_AUDIO_IN_GetState	0	static
../Drivers/BSP/STM32H743I-EVAL/stm32h743i_eval_audio.c:3216:6:BSP_AUDIO_IN_IRQHandler	0	static,ignoring_inline_asm
../Drivers/BSP/STM32H743I-EVAL/stm32h743i_eval_audio.c:3455:13:BSP_AUDIO_IN_TransferComplete_CallBack	0	static
../Drivers/BSP/STM32H743I-EVAL/stm32h743i_eval_audio.c:3437:6:HAL_SAI_RxCpltCallback	8	static
../Drivers/BSP/STM32H743I-EVAL/stm32h743i_eval_audio.c:3469:13:BSP_AUDIO_IN_HalfTransfer_CallBack	0	static
../Drivers/BSP/STM32H743I-EVAL/stm32h743i_eval_audio.c:3244:6:HAL_DFSDM_FilterRegConvCpltCallback	32	static,ignoring_inline_asm
../Drivers/BSP/STM32H743I-EVAL/stm32h743i_eval_audio.c:3331:6:HAL_DFSDM_FilterRegConvHalfCpltCallback	32	static,ignoring_inline_asm
../Drivers/BSP/STM32H743I-EVAL/stm32h743i_eval_audio.c:3419:6:HAL_SAI_RxHalfCpltCallback	8	static
../Drivers/BSP/STM32H743I-EVAL/stm32h743i_eval_audio.c:3483:13:BSP_AUDIO_IN_Error_CallBack	0	static
../Drivers/BSP/STM32H743I-EVAL/stm32h743i_eval_audio.c:1509:6:HAL_SAI_ErrorCallback	8	static
