../Drivers/BSP/STM32H743I-EVAL/stm32h743i_eval_sd.c:270:9:BSP_SD_DeInit	24	static
../Drivers/BSP/STM32H743I-EVAL/stm32h743i_eval_sd.c:311:26:MX_SDMMC1_SD_Init	8	static
../Drivers/BSP/STM32H743I-EVAL/stm32h743i_eval_sd.c:411:9:BSP_SD_DetectITConfig	32	static
../Drivers/BSP/STM32H743I-EVAL/stm32h743i_eval_sd.c:467:13:BSP_SD_DetectCallback	0	static
../Drivers/BSP/STM32H743I-EVAL/stm32h743i_eval_sd.c:912:13:SD_EXTI_Callback	32	static
../Drivers/BSP/STM32H743I-EVAL/stm32h743i_eval_sd.c:482:9:BSP_SD_IsDetected	8	static
../Drivers/BSP/STM32H743I-EVAL/stm32h743i_eval_sd.c:155:9:BSP_SD_Init	72	static
../Drivers/BSP/STM32H743I-EVAL/stm32h743i_eval_sd.c:516:9:BSP_SD_ReadBlocks	16	static
../Drivers/BSP/STM32H743I-EVAL/stm32h743i_eval_sd.c:545:9:BSP_SD_WriteBlocks	16	static
../Drivers/BSP/STM32H743I-EVAL/stm32h743i_eval_sd.c:574:9:BSP_SD_ReadBlocks_DMA	8	static
../Drivers/BSP/STM32H743I-EVAL/stm32h743i_eval_sd.c:602:9:BSP_SD_WriteBlocks_DMA	8	static
../Drivers/BSP/STM32H743I-EVAL/stm32h743i_eval_sd.c:630:9:BSP_SD_ReadBlocks_IT	8	static
../Drivers/BSP/STM32H743I-EVAL/stm32h743i_eval_sd.c:658:9:BSP_SD_WriteBlocks_IT	8	static
../Drivers/BSP/STM32H743I-EVAL/stm32h743i_eval_sd.c:686:9:BSP_SD_Erase	8	static
../Drivers/BSP/STM32H743I-EVAL/stm32h743i_eval_sd.c:714:9:BSP_SD_GetCardState	8	static
../Drivers/BSP/STM32H743I-EVAL/stm32h743i_eval_sd.c:725:9:BSP_SD_GetCardInfo	8	static
../Drivers/BSP/STM32H743I-EVAL/stm32h743i_eval_sd.c:800:6:BSP_SD_DETECT_IRQHandler	0	static
../Drivers/BSP/STM32H743I-EVAL/stm32h743i_eval_sd.c:810:6:BSP_SD_IRQHandler	0	static
../Drivers/BSP/STM32H743I-EVAL/stm32h743i_eval_sd.c:820:13:BSP_SD_AbortCallback	0	static
../Drivers/BSP/STM32H743I-EVAL/stm32h743i_eval_sd.c:750:6:HAL_SD_AbortCallback	8	static
../Drivers/BSP/STM32H743I-EVAL/stm32h743i_eval_sd.c:831:13:BSP_SD_WriteCpltCallback	0	static
../Drivers/BSP/STM32H743I-EVAL/stm32h743i_eval_sd.c:760:6:HAL_SD_TxCpltCallback	8	static
../Drivers/BSP/STM32H743I-EVAL/stm32h743i_eval_sd.c:842:13:BSP_SD_ReadCpltCallback	0	static
../Drivers/BSP/STM32H743I-EVAL/stm32h743i_eval_sd.c:770:6:HAL_SD_RxCpltCallback	8	static
