../Drivers/BSP/STM32H743I-EVAL/stm32h743i_eval_lcd.c:646:9:BSP_LCD_GetPixelFormat	0	static
../Drivers/BSP/STM32H743I-EVAL/stm32h743i_eval_lcd.c:669:9:BSP_LCD_SetActiveLayer	0	static
../Drivers/BSP/STM32H743I-EVAL/stm32h743i_eval_lcd.c:928:9:BSP_LCD_GetXSize	0	static
../Drivers/BSP/STM32H743I-EVAL/stm32h743i_eval_lcd.c:950:9:BSP_LCD_GetYSize	0	static
../Drivers/BSP/STM32H743I-EVAL/stm32h743i_eval_lcd.c:1252:9:BSP_LCD_ReadPixel	20	static
../Drivers/BSP/STM32H743I-EVAL/stm32h743i_eval_lcd.c:1276:9:BSP_LCD_WritePixel	20	static
../Drivers/BSP/STM32H743I-EVAL/stm32h743i_eval_lcd.c:1136:9:BSP_LCD_FillRGBRect	40	static
../Drivers/BSP/STM32H743I-EVAL/stm32h743i_eval_lcd.c:1072:9:BSP_LCD_DrawBitmap	56	static
../Drivers/BSP/STM32H743I-EVAL/stm32h743i_eval_lcd.c:1310:13:LL_FillBuffer.constprop	32	static
../Drivers/BSP/STM32H743I-EVAL/stm32h743i_eval_lcd.c:1231:9:BSP_LCD_FillRect	32	static
../Drivers/BSP/STM32H743I-EVAL/stm32h743i_eval_lcd.c:1208:9:BSP_LCD_DrawVLine	32	static
../Drivers/BSP/STM32H743I-EVAL/stm32h743i_eval_lcd.c:1186:9:BSP_LCD_DrawHLine	24	static
../Drivers/BSP/STM32H743I-EVAL/stm32h743i_eval_lcd.c:362:9:BSP_LCD_DeInit	8	static
../Drivers/BSP/STM32H743I-EVAL/stm32h743i_eval_lcd.c:399:6:BSP_LCD_Reset	48	static
../Drivers/BSP/STM32H743I-EVAL/stm32h743i_eval_lcd.c:473:26:MX_LTDC_Init	0	static
../Drivers/BSP/STM32H743I-EVAL/stm32h743i_eval_lcd.c:503:26:MX_LTDC_ConfigLayer	80	static
../Drivers/BSP/STM32H743I-EVAL/stm32h743i_eval_lcd.c:531:26:MX_LTDC_ClockConfig	200	static
../Drivers/BSP/STM32H743I-EVAL/stm32h743i_eval_lcd.c:200:9:BSP_LCD_InitEx	208	static
../Drivers/BSP/STM32H743I-EVAL/stm32h743i_eval_lcd.c:186:9:BSP_LCD_Init	16	static
../Drivers/BSP/STM32H743I-EVAL/stm32h743i_eval_lcd.c:623:9:BSP_LCD_ConfigLayer	8	static
../Drivers/BSP/STM32H743I-EVAL/stm32h743i_eval_lcd.c:694:9:BSP_LCD_Relaod	8	static
../Drivers/BSP/STM32H743I-EVAL/stm32h743i_eval_lcd.c:728:9:BSP_LCD_SetLayerVisible	0	static
../Drivers/BSP/STM32H743I-EVAL/stm32h743i_eval_lcd.c:764:9:BSP_LCD_SetTransparency	8	static
../Drivers/BSP/STM32H743I-EVAL/stm32h743i_eval_lcd.c:794:9:BSP_LCD_SetLayerAddress	8	static
../Drivers/BSP/STM32H743I-EVAL/stm32h743i_eval_lcd.c:827:9:BSP_LCD_SetLayerWindow	32	static
../Drivers/BSP/STM32H743I-EVAL/stm32h743i_eval_lcd.c:864:9:BSP_LCD_SetColorKeying	16	static
../Drivers/BSP/STM32H743I-EVAL/stm32h743i_eval_lcd.c:897:9:BSP_LCD_ResetColorKeying	8	static
../Drivers/BSP/STM32H743I-EVAL/stm32h743i_eval_lcd.c:971:9:BSP_LCD_DisplayOn	8	static
../Drivers/BSP/STM32H743I-EVAL/stm32h743i_eval_lcd.c:998:9:BSP_LCD_DisplayOff	8	static
../Drivers/BSP/STM32H743I-EVAL/stm32h743i_eval_lcd.c:1026:9:BSP_LCD_SetBrightness	0	static
../Drivers/BSP/STM32H743I-EVAL/stm32h743i_eval_lcd.c:1048:9:BSP_LCD_GetBrightness	0	static
