../Drivers/BSP/STM32H743I-EVAL/stm32h743i_eval_nor.c:625:16:NOR_GetStatus.constprop	16	static
../Drivers/BSP/STM32H743I-EVAL/stm32h743i_eval_nor.c:150:9:BSP_NOR_DeInit	8	static
../Drivers/BSP/STM32H743I-EVAL/stm32h743i_eval_nor.c:182:26:MX_NOR_Init	8	static
../Drivers/BSP/STM32H743I-EVAL/stm32h743i_eval_nor.c:105:9:BSP_NOR_Init	56	static
../Drivers/BSP/STM32H743I-EVAL/stm32h743i_eval_nor.c:291:9:BSP_NOR_ReadData	8	static
../Drivers/BSP/STM32H743I-EVAL/stm32h743i_eval_nor.c:316:9:BSP_NOR_ReturnToReadMode	8	static
../Drivers/BSP/STM32H743I-EVAL/stm32h743i_eval_nor.c:344:9:BSP_NOR_WriteData	32	static
../Drivers/BSP/STM32H743I-EVAL/stm32h743i_eval_nor.c:391:9:BSP_NOR_ProgramData	8	static
../Drivers/BSP/STM32H743I-EVAL/stm32h743i_eval_nor.c:420:9:BSP_NOR_EraseBlock	8	static
../Drivers/BSP/STM32H743I-EVAL/stm32h743i_eval_nor.c:448:9:BSP_NOR_EraseChip	8	static
../Drivers/BSP/STM32H743I-EVAL/stm32h743i_eval_nor.c:477:9:BSP_NOR_ReadID	8	static
